Component: ARM Compiler 5.06 update 7 (build 960) Tool: armlink [4d3601]

==============================================================================

Section Cross References

    main.o(i.main) refers to bsp.o(i.bsp_init) for bsp_init
    main.o(i.main) refers to app_mode.o(i.Mode_select) for Mode_select
    main.o(i.main) refers to bsp.o(i.bsp_mode_init) for bsp_mode_init
    main.o(i.main) refers to intsever.o(i.MPU6050_EXTI_Init) for MPU6050_EXTI_Init
    main.o(i.main) refers to bsp_oled.o(i.OLED_Draw_Line) for OLED_Draw_Line
    main.o(i.main) refers to bsp_key.o(i.Key1_State) for Key1_State
    main.o(i.main) refers to app_lidar.o(i.Deal_lidardata) for Deal_lidardata
    main.o(i.main) refers to app_bluetooth.o(i.ProtocolCpyData) for ProtocolCpyData
    main.o(i.main) refers to app_bluetooth.o(i.Protocol) for Protocol
    main.o(i.main) refers to app_bluetooth.o(i.SendAutoUp) for SendAutoUp
    main.o(i.main) refers to printfa.o(i.__0sprintf) for __2sprintf
    main.o(i.main) refers to bsp_ultrasonic.o(i.APP_avoid) for APP_avoid
    main.o(i.main) refers to stm32f10x_gpio.o(i.GPIO_ReadInputDataBit) for GPIO_ReadInputDataBit
    main.o(i.main) refers to bsp_ccd.o(i.OLED_Show_CCD_Image) for OLED_Show_CCD_Image
    main.o(i.main) refers to bsp_ele_track.o(i.EleDataDeal) for EleDataDeal
    main.o(i.main) refers to app_k210.o(i.Change_state_QR) for Change_state_QR
    main.o(i.main) refers to app_k210.o(i.Change_state_self) for Change_state_self
    main.o(i.main) refers to app_k210.o(i.Change_state_minst) for Change_state_minst
    main.o(i.main) refers to app_lidar_car.o(i.Car_Avoid) for Car_Avoid
    main.o(i.main) refers to app_lidar_car.o(i.Car_Follow) for Car_Follow
    main.o(i.main) refers to app_lidar_car.o(i.Car_Alarm) for Car_Alarm
    main.o(i.main) refers to app_lidar_car.o(i.Car_Patrol) for Car_Patrol
    main.o(i.main) refers to main.o(.data) for Stop_Flag
    main.o(i.main) refers to app_mode.o(.data) for mode
    main.o(i.main) refers to app_lidar.o(.data) for lidar_new_pack
    main.o(i.main) refers to app_bluetooth.o(.data) for newLineReceived
    main.o(i.main) refers to bsp_timer.o(.data) for bulettohflag
    main.o(i.main) refers to bsp_ultrasonic.o(.data) for g_distance
    main.o(i.main) refers to main.o(.bss) for showbuf
    main.o(i.main) refers to app_ps2.o(.data) for speed_flag
    main.o(i.main) refers to app_lidar_car.o(.data) for g_lidar_go_flag
    system_stm32f10x.o(i.SetSysClock) refers to system_stm32f10x.o(i.SetSysClockTo72) for SetSysClockTo72
    system_stm32f10x.o(i.SystemCoreClockUpdate) refers to system_stm32f10x.o(.data) for SystemCoreClock
    system_stm32f10x.o(i.SystemInit) refers to system_stm32f10x.o(i.SetSysClock) for SetSysClock
    startup_stm32f10x_hd.o(RESET) refers to startup_stm32f10x_hd.o(STACK) for __initial_sp
    startup_stm32f10x_hd.o(RESET) refers to startup_stm32f10x_hd.o(.text) for Reset_Handler
    startup_stm32f10x_hd.o(RESET) refers to stm32f10x_it.o(i.NMI_Handler) for NMI_Handler
    startup_stm32f10x_hd.o(RESET) refers to stm32f10x_it.o(i.HardFault_Handler) for HardFault_Handler
    startup_stm32f10x_hd.o(RESET) refers to stm32f10x_it.o(i.MemManage_Handler) for MemManage_Handler
    startup_stm32f10x_hd.o(RESET) refers to stm32f10x_it.o(i.BusFault_Handler) for BusFault_Handler
    startup_stm32f10x_hd.o(RESET) refers to stm32f10x_it.o(i.UsageFault_Handler) for UsageFault_Handler
    startup_stm32f10x_hd.o(RESET) refers to stm32f10x_it.o(i.SVC_Handler) for SVC_Handler
    startup_stm32f10x_hd.o(RESET) refers to stm32f10x_it.o(i.DebugMon_Handler) for DebugMon_Handler
    startup_stm32f10x_hd.o(RESET) refers to stm32f10x_it.o(i.PendSV_Handler) for PendSV_Handler
    startup_stm32f10x_hd.o(RESET) refers to stm32f10x_it.o(i.SysTick_Handler) for SysTick_Handler
    startup_stm32f10x_hd.o(RESET) refers to bsp_ultrasonic.o(i.TIM2_IRQHandler) for TIM2_IRQHandler
    startup_stm32f10x_hd.o(RESET) refers to encoder.o(i.TIM3_IRQHandler) for TIM3_IRQHandler
    startup_stm32f10x_hd.o(RESET) refers to encoder.o(i.TIM4_IRQHandler) for TIM4_IRQHandler
    startup_stm32f10x_hd.o(RESET) refers to usart.o(i.USART1_IRQHandler) for USART1_IRQHandler
    startup_stm32f10x_hd.o(RESET) refers to bsp_usart2.o(i.USART2_IRQHandler) for USART2_IRQHandler
    startup_stm32f10x_hd.o(RESET) refers to bsp_lidar.o(i.USART3_IRQHandler) for USART3_IRQHandler
    startup_stm32f10x_hd.o(RESET) refers to app_control.o(i.EXTI15_10_IRQHandler) for EXTI15_10_IRQHandler
    startup_stm32f10x_hd.o(RESET) refers to bsp_bluetooth.o(i.UART5_IRQHandler) for UART5_IRQHandler
    startup_stm32f10x_hd.o(RESET) refers to bsp_timer.o(i.TIM6_IRQHandler) for TIM6_IRQHandler
    startup_stm32f10x_hd.o(.text) refers to system_stm32f10x.o(i.SystemInit) for SystemInit
    startup_stm32f10x_hd.o(.text) refers to entry.o(.ARM.Collect$$$$00000000) for __main
[...]
    TIM_OC3Init                              0x0800738d   Thumb Code   150  stm32f10x_tim.o(i.TIM_OC3Init)
    TIM_OC3PreloadConfig                     0x0800742d   Thumb Code    18  stm32f10x_tim.o(i.TIM_OC3PreloadConfig)
    TIM_OC4Init                              0x08007441   Thumb Code   114  stm32f10x_tim.o(i.TIM_OC4Init)
    TIM_OC4PreloadConfig                     0x080074bd   Thumb Code    26  stm32f10x_tim.o(i.TIM_OC4PreloadConfig)
    TIM_SetCounter                           0x080074d7   Thumb Code     4  stm32f10x_tim.o(i.TIM_SetCounter)
    TIM_SetIC1Prescaler                      0x080074db   Thumb Code    18  stm32f10x_tim.o(i.TIM_SetIC1Prescaler)
    TIM_SetIC2Prescaler                      0x080074ed   Thumb Code    26  stm32f10x_tim.o(i.TIM_SetIC2Prescaler)
    TIM_SetIC3Prescaler                      0x08007507   Thumb Code    18  stm32f10x_tim.o(i.TIM_SetIC3Prescaler)
    TIM_SetIC4Prescaler                      0x08007519   Thumb Code    26  stm32f10x_tim.o(i.TIM_SetIC4Prescaler)
    TIM_TimeBaseInit                         0x08007535   Thumb Code   122  stm32f10x_tim.o(i.TIM_TimeBaseInit)
    TIM_TimeBaseStructInit                   0x080075d9   Thumb Code    18  stm32f10x_tim.o(i.TIM_TimeBaseStructInit)
    Tmini_checkout                           0x080075eb   Thumb Code    76  app_lidar.o(i.Tmini_checkout)
    Turn_CCD_PD                              0x08007639   Thumb Code    84  app_ccd_tracking.o(i.Turn_CCD_PD)
    Turn_ELE_PD                              0x0800769d   Thumb Code    94  app_ele_tracking.o(i.Turn_ELE_PD)
    Turn_IRTrack_PD                          0x0800770d   Thumb Code   246  app_tracking.o(i.Turn_IRTrack_PD)
    Turn_K210_PD                             0x0800782d   Thumb Code    84  app_line.o(i.Turn_K210_PD)
    Turn_Off                                 0x08007891   Thumb Code    96  app_motor.o(i.Turn_Off)
    Turn_PD                                  0x08007909   Thumb Code   242  pid_control.o(i.Turn_PD)
    UART5_IRQHandler                         0x08007b35   Thumb Code    30  bsp_bluetooth.o(i.UART5_IRQHandler)
    UART5_Send_Char                          0x08007b59   Thumb Code    24  bsp_bluetooth.o(i.UART5_Send_Char)
    USART1_IRQHandler                        0x08007b71   Thumb Code    32  usart.o(i.USART1_IRQHandler)
    USART1_Send_U8                           0x08007b95   Thumb Code    28  usart.o(i.USART1_Send_U8)
    USART2_IRQHandler                        0x08007bb5   Thumb Code   104  bsp_usart2.o(i.USART2_IRQHandler)
    USART2_init                              0x08007c25   Thumb Code   152  bsp_usart2.o(i.USART2_init)
    USART3_IRQHandler                        0x08007cc5   Thumb Code    40  bsp_lidar.o(i.USART3_IRQHandler)
    USART3_Send_U8                           0x08007cf1   Thumb Code    28  bsp_lidar.o(i.USART3_Send_U8)
    USART3_init                              0x08007d11   Thumb Code   180  bsp_lidar.o(i.USART3_init)
    USART5_Send_Byte                         0x08007dd1   Thumb Code    28  bsp_bluetooth.o(i.USART5_Send_Byte)
    USART_ClearITPendingBit                  0x08007df1   Thumb Code    30  stm32f10x_usart.o(i.USART_ClearITPendingBit)
    USART_Cmd                                0x08007e0f   Thumb Code    24  stm32f10x_usart.o(i.USART_Cmd)
    USART_GetFlagStatus                      0x08007e27   Thumb Code    26  stm32f10x_usart.o(i.USART_GetFlagStatus)
    USART_GetITStatus                        0x08007e41   Thumb Code    84  stm32f10x_usart.o(i.USART_GetITStatus)
    USART_ITConfig                           0x08007e95   Thumb Code    74  stm32f10x_usart.o(i.USART_ITConfig)
    USART_Init                               0x08007ee1   Thumb Code   210  stm32f10x_usart.o(i.USART_Init)
    USART_ReceiveData                        0x08007fb9   Thumb Code    10  stm32f10x_usart.o(i.USART_ReceiveData)
    USART_SendData                           0x08007fc3   Thumb Code     8  stm32f10x_usart.o(i.USART_SendData)
    UsageFault_Handler                       0x08007fcb   Thumb Code     4  stm32f10x_it.o(i.UsageFault_Handler)
    Velocity_PI                              0x08007fd1   Thumb Code   400  pid_control.o(i.Velocity_PI)
    __0printf                                0x080081bd   Thumb Code    22  printfa.o(i.__0printf)
    __1printf                                0x080081bd   Thumb Code     0  printfa.o(i.__0printf)
    __2printf                                0x080081bd   Thumb Code     0  printfa.o(i.__0printf)
    __c89printf                              0x080081bd   Thumb Code     0  printfa.o(i.__0printf)
    printf                                   0x080081bd   Thumb Code     0  printfa.o(i.__0printf)
    __0sprintf                               0x080081dd   Thumb Code    34  printfa.o(i.__0sprintf)
    __1sprintf                               0x080081dd   Thumb Code     0  printfa.o(i.__0sprintf)
    __2sprintf                               0x080081dd   Thumb Code     0  printfa.o(i.__0sprintf)
    __c89sprintf                             0x080081dd   Thumb Code     0  printfa.o(i.__0sprintf)
    sprintf                                  0x080081dd   Thumb Code     0  printfa.o(i.__0sprintf)
    __ARM_fpclassify                         0x08008205   Thumb Code    40  fpclassify.o(i.__ARM_fpclassify)
    __kernel_poly                            0x0800822d   Thumb Code   170  poly.o(i.__kernel_poly)
    __mathlib_dbl_infnan                     0x080082d7   Thumb Code     6  dunder.o(i.__mathlib_dbl_infnan)
    __mathlib_dbl_infnan2                    0x080082dd   Thumb Code     4  dunder.o(i.__mathlib_dbl_infnan2)
    __mathlib_dbl_invalid                    0x080082e1   Thumb Code    12  dunder.o(i.__mathlib_dbl_invalid)
    __mathlib_dbl_underflow                  0x080082ed   Thumb Code    10  dunder.o(i.__mathlib_dbl_underflow)
    __read_errno                             0x080082fd   Thumb Code     6  errno.o(i.__read_errno)
    __scatterload_copy                       0x08008309   Thumb Code    14  handlers.o(i.__scatterload_copy)
    __scatterload_null                       0x08008317   Thumb Code     2  handlers.o(i.__scatterload_null)
    __scatterload_zeroinit                   0x08008319   Thumb Code    14  handlers.o(i.__scatterload_zeroinit)
    __set_errno                              0x08008329   Thumb Code     6  errno.o(i.__set_errno)
    _is_digit                                0x080084b9   Thumb Code    14  scanf_fp.o(i._is_digit)
    asin                                     0x08008c81   Thumb Code   572  asin.o(i.asin)
    atan                                     0x08008ef1   Thumb Code   474  atan.o(i.atan)
    atan2                                    0x08009111   Thumb Code   374  atan2.o(i.atan2)
    atof                                     0x080092ad   Thumb Code    42  atof.o(i.atof)
    bluetooth_init                           0x080092d9   Thumb Code   160  bsp_bluetooth.o(i.bluetooth_init)
    bsp_init                                 0x08009385   Thumb Code    96  bsp.o(i.bsp_init)
    bsp_mode_init                            0x080093e5   Thumb Code   278  bsp.o(i.bsp_mode_init)
    car_mode                                 0x08009505   Thumb Code   104  app_mode.o(i.car_mode)
    ccd_Init                                 0x08009575   Thumb Code   198  bsp_ccd.o(i.ccd_Init)
    cotrol_led                               0x08009649   Thumb Code   142  bsp_timer.o(i.cotrol_led)
    deal_bluetooth                           0x080096f5   Thumb Code    96  app_bluetooth.o(i.deal_bluetooth)
    deal_data_ccd                            0x08009769   Thumb Code     8  bsp_ccd.o(i.deal_data_ccd)
    deal_getdata                             0x08009771   Thumb Code    14  bsp_ele_track.o(i.deal_getdata)
    delay_init                               0x080097e5   Thumb Code    60  delay.o(i.delay_init)
    delay_ms                                 0x08009831   Thumb Code    56  delay.o(i.delay_ms)
    delay_time                               0x0800986d   Thumb Code    16  bsp_timer.o(i.delay_time)
    delay_time_int                           0x08009881   Thumb Code    14  app_control.o(i.delay_time_int)
    delay_us                                 0x08009895   Thumb Code    56  delay.o(i.delay_us)
    dmp_enable_6x_lp_quat                    0x080098d1   Thumb Code    60  inv_mpu_dmp_motion_driver.o(i.dmp_enable_6x_lp_quat)
    dmp_enable_feature                       0x0800990d   Thumb Code   530  inv_mpu_dmp_motion_driver.o(i.dmp_enable_feature)
    dmp_enable_gyro_cal                      0x08009b29   Thumb Code    62  inv_mpu_dmp_motion_driver.o(i.dmp_enable_gyro_cal)
    dmp_enable_lp_quat                       0x08009b81   Thumb Code    60  inv_mpu_dmp_motion_driver.o(i.dmp_enable_lp_quat)
    dmp_load_motion_driver_firmware          0x08009bbd   Thumb Code    20  inv_mpu_dmp_motion_driver.o(i.dmp_load_motion_driver_firmware)
    dmp_read_fifo                            0x08009bd5   Thumb Code   456  inv_mpu_dmp_motion_driver.o(i.dmp_read_fifo)
    dmp_set_accel_bias                       0x08009da1   Thumb Code   300  inv_mpu_dmp_motion_driver.o(i.dmp_set_accel_bias)
    dmp_set_fifo_rate                        0x08009ed1   Thumb Code    96  inv_mpu_dmp_motion_driver.o(i.dmp_set_fifo_rate)
    dmp_set_gyro_bias                        0x08009f41   Thumb Code   294  inv_mpu_dmp_motion_driver.o(i.dmp_set_gyro_bias)
    dmp_set_orientation                      0x0800a071   Thumb Code   290  inv_mpu_dmp_motion_driver.o(i.dmp_set_orientation)
    dmp_set_shake_reject_thresh              0x0800a1a9   Thumb Code    56  inv_mpu_dmp_motion_driver.o(i.dmp_set_shake_reject_thresh)
    dmp_set_shake_reject_time                0x0800a1e1   Thumb Code    38  inv_mpu_dmp_motion_driver.o(i.dmp_set_shake_reject_time)
    dmp_set_shake_reject_timeout             0x0800a207   Thumb Code    38  inv_mpu_dmp_motion_driver.o(i.dmp_set_shake_reject_timeout)
    dmp_set_tap_axes                         0x0800a22d   Thumb Code    70  inv_mpu_dmp_motion_driver.o(i.dmp_set_tap_axes)
    dmp_set_tap_count                        0x0800a273   Thumb Code    38  inv_mpu_dmp_motion_driver.o(i.dmp_set_tap_count)
    dmp_set_tap_thresh                       0x0800a299   Thumb Code   396  inv_mpu_dmp_motion_driver.o(i.dmp_set_tap_thresh)
    dmp_set_tap_time                         0x0800a439   Thumb Code    38  inv_mpu_dmp_motion_driver.o(i.dmp_set_tap_time)
    dmp_set_tap_time_multi                   0x0800a45f   Thumb Code    38  inv_mpu_dmp_motion_driver.o(i.dmp_set_tap_time_multi)
    ele_Init                                 0x0800a485   Thumb Code   192  bsp_ele_track.o(i.ele_Init)
    fputc                                    0x0800a551   Thumb Code    24  usart.o(i.fputc)
    getEleData                               0x0800a56d   Thumb Code   108  bsp_ele_track.o(i.getEleData)
    get_time_int                             0x0800ab11   Thumb Code     6  app_control.o(i.get_time_int)
    guiyi_way                                0x0800ab1d   Thumb Code    54  bsp_ele_track.o(i.guiyi_way)
    i2cRead                                  0x0800ac71   Thumb Code   118  ioi2c.o(i.i2cRead)
    i2cWrite                                 0x0800ace7   Thumb Code    96  ioi2c.o(i.i2cWrite)
    init_beep                                0x0800ad49   Thumb Code    46  bsp_beep.o(i.init_beep)
    init_led_gpio                            0x0800ad81   Thumb Code    44  bsp_led.o(i.init_led_gpio)
    irtracking_init                          0x0800ae2d   Thumb Code    92  bsp_irtracking.o(i.irtracking_init)
    main                                     0x0800ae91   Thumb Code   518  main.o(i.main)
    measure_if_360                           0x0800b159   Thumb Code    68  app_lidar.o(i.measure_if_360)
    mpu_configure_fifo                       0x0800b1a1   Thumb Code   106  inv_mpu.o(i.mpu_configure_fifo)
    mpu_get_accel_fsr                        0x0800b211   Thumb Code    72  inv_mpu.o(i.mpu_get_accel_fsr)
    mpu_get_accel_sens                       0x0800b25d   Thumb Code    78  inv_mpu.o(i.mpu_get_accel_sens)
    mpu_get_fifo_config                      0x0800b2b1   Thumb Code    12  inv_mpu.o(i.mpu_get_fifo_config)
    mpu_get_gyro_fsr                         0x0800b2c1   Thumb Code    64  inv_mpu.o(i.mpu_get_gyro_fsr)
    mpu_get_gyro_sens                        0x0800b305   Thumb Code    58  inv_mpu.o(i.mpu_get_gyro_sens)
    mpu_get_lpf                              0x0800b355   Thumb Code    74  inv_mpu.o(i.mpu_get_lpf)
    mpu_get_sample_rate                      0x0800b3a5   Thumb Code    26  inv_mpu.o(i.mpu_get_sample_rate)
    mpu_init                                 0x0800b3c5   Thumb Code   416  inv_mpu.o(i.mpu_init)
    mpu_load_firmware                        0x0800b5b5   Thumb Code   180  inv_mpu.o(i.mpu_load_firmware)
    mpu_lp_accel_mode                        0x0800b66d   Thumb Code   218  inv_mpu.o(i.mpu_lp_accel_mode)
    mpu_read_fifo_stream                     0x0800b74d   Thumb Code   186  inv_mpu.o(i.mpu_read_fifo_stream)
    mpu_read_mem                             0x0800b80d   Thumb Code   122  inv_mpu.o(i.mpu_read_mem)
    mpu_reset_fifo                           0x0800b88d   Thumb Code   438  inv_mpu.o(i.mpu_reset_fifo)
    mpu_run_self_test                        0x0800ba49   Thumb Code   278  inv_mpu.o(i.mpu_run_self_test)
    mpu_set_accel_fsr                        0x0800bb65   Thumb Code   126  inv_mpu.o(i.mpu_set_accel_fsr)
    mpu_set_bypass                           0x0800bbe9   Thumb Code   328  inv_mpu.o(i.mpu_set_bypass)
    mpu_set_dmp_state                        0x0800bd35   Thumb Code   138  inv_mpu.o(i.mpu_set_dmp_state)
    mpu_set_gyro_fsr                         0x0800bdc5   Thumb Code   132  inv_mpu.o(i.mpu_set_gyro_fsr)
    mpu_set_int_latched                      0x0800be4d   Thumb Code   102  inv_mpu.o(i.mpu_set_int_latched)
    mpu_set_lpf                              0x0800beb9   Thumb Code   126  inv_mpu.o(i.mpu_set_lpf)
    mpu_set_sample_rate                      0x0800bf3d   Thumb Code   152  inv_mpu.o(i.mpu_set_sample_rate)
    mpu_set_sensors                          0x0800bfd9   Thumb Code   202  inv_mpu.o(i.mpu_set_sensors)
    mpu_write_mem                            0x0800c0a9   Thumb Code   122  inv_mpu.o(i.mpu_write_mem)
    mul                                      0x0800c129   Thumb Code   154  kf.o(i.mul)
    my_delay                                 0x0800c1dd   Thumb Code    22  bsp_timer.o(i.my_delay)
    myabs                                    0x0800c1f3   Thumb Code    14  pid_control.o(i.myabs)
    myget_ms                                 0x0800c201   Thumb Code     2  inv_mpu.o(i.myget_ms)
    power_decect                             0x0800c205   Thumb Code    64  bsp_timer.o(i.power_decect)
    recv_lidar_data                          0x0800c259   Thumb Code   322  app_lidar.o(i.recv_lidar_data)
    set_time_int                             0x0800c4d1   Thumb Code     6  app_control.o(i.set_time_int)
    show_mode_oled                           0x0800c4dd   Thumb Code   342  oled_show.o(i.show_mode_oled)
    sqrt                                     0x0800c77d   Thumb Code    76  sqrt.o(i.sqrt)
    ssd1306_I2C_Write                        0x0800c7c9   Thumb Code    20  bsp_oled.o(i.ssd1306_I2C_Write)
    ssd1306_I2C_WriteMulti                   0x0800c7dd   Thumb Code    28  bsp_oled.o(i.ssd1306_I2C_WriteMulti)
    uart_init                                0x0800c839   Thumb Code   152  usart.o(i.uart_init)
    Font7x10                                 0x0800c91c   Data        1900  oled_fonts.o(.constdata)
    Font11x18                                0x0800d088   Data        3420  oled_fonts.o(.constdata)
    Font16x26                                0x0800dde4   Data        4940  oled_fonts.o(.constdata)
    hw                                       0x0800f130   Data          12  inv_mpu.o(.constdata)
    reg                                      0x0800f13c   Data          27  inv_mpu.o(.constdata)
    test                                     0x0800f158   Data          40  inv_mpu.o(.constdata)
    __mathlib_zero                           0x0800ff18   Data           8  qnan.o(.constdata)
    __ctype_categories                       0x0800ff20   Data          64  ctype_c.o(.constdata)
    Region$$Table$$Base                      0x0800ffb0   Number         0  anon$$obj.o(Region$$Table)
    Region$$Table$$Limit                     0x0800ffd0   Number         0  anon$$obj.o(Region$$Table)
    GET_Angle_Way                            0x20000000   Data           1  main.o(.data)
    Angle_Balance                            0x20000004   Data           4  main.o(.data)
    Gyro_Balance                             0x20000008   Data           4  main.o(.data)
    Gyro_Turn                                0x2000000c   Data           4  main.o(.data)
    Motor_Left                               0x20000010   Data           4  main.o(.data)
    Motor_Right                              0x20000014   Data           4  main.o(.data)
    Temperature                              0x20000018   Data           4  main.o(.data)
    Acceleration_Z                           0x2000001c   Data           4  main.o(.data)
    Mid_Angle                                0x20000020   Data           4  main.o(.data)
    Move_X                                   0x20000024   Data           4  main.o(.data)
    Move_Z                                   0x20000028   Data           4  main.o(.data)
    Stop_Flag                                0x2000002c   Data           1  main.o(.data)
    CCDShowBuf                               0x20000030   Data           4  main.o(.data)
    SystemCoreClock                          0x20000034   Data           4  system_stm32f10x.o(.data)
    AHBPrescTable                            0x20000038   Data          16  system_stm32f10x.o(.data)
    gyro                                     0x20000060   Data           6  mpu6050.o(.data)
    accel                                    0x20000066   Data           6  mpu6050.o(.data)
    sensors                                  0x2000006c   Data           2  mpu6050.o(.data)
    Roll                                     0x20000070   Data           4  mpu6050.o(.data)
    Pitch                                    0x20000074   Data           4  mpu6050.o(.data)
    Yaw                                      0x20000078   Data           4  mpu6050.o(.data)
    q0                                       0x2000007c   Data           4  mpu6050.o(.data)
    q1                                       0x20000080   Data           4  mpu6050.o(.data)
    q2                                       0x20000084   Data           4  mpu6050.o(.data)
    q3                                       0x20000088   Data           4  mpu6050.o(.data)
    Gx_offset                                0x20000096   Data           2  mpu6050.o(.data)
    Gy_offset                                0x20000098   Data           2  mpu6050.o(.data)
    Gz_offset                                0x2000009a   Data           2  mpu6050.o(.data)
    __stdout                                 0x2000009c   Data           4  usart.o(.data)
    Font_7x10                                0x200000a8   Data           8  oled_fonts.o(.data)
    Font_11x18                               0x200000b0   Data           8  oled_fonts.o(.data)
    Font_16x26                               0x200000b8   Data           8  oled_fonts.o(.data)
    led_flag                                 0x200000c8   Data           2  bsp_timer.o(.data)
    led_twinkle_count                        0x200000ca   Data           2  bsp_timer.o(.data)
    led_count                                0x200000cc   Data           2  bsp_timer.o(.data)
    lower_power_flag                         0x200000ce   Data           1  bsp_timer.o(.data)
    bulettohflag                             0x200000cf   Data           1  bsp_timer.o(.data)
    g_key1_long_press                        0x200000d2   Data           2  bsp_key.o(.data)
    g_distance                               0x200000d8   Data           4  bsp_ultrasonic.o(.data)
    TIM2CH2_CAPTURE_STA                      0x200000dc   Data           2  bsp_ultrasonic.o(.data)
    TIM2CH2_CAPTURE_VAL                      0x200000de   Data           2  bsp_ultrasonic.o(.data)
    Sensor_Left_1                            0x200000e0   Data           4  bsp_ele_track.o(.data)
    Sensor_Left_2                            0x200000e4   Data           4  bsp_ele_track.o(.data)
    Sensor_Left_3                            0x200000e8   Data           4  bsp_ele_track.o(.data)
    Sensor_Right_1                           0x200000ec   Data           4  bsp_ele_track.o(.data)
    Sensor_Right_2                           0x200000f0   Data           4  bsp_ele_track.o(.data)
    Sensor_Right_3                           0x200000f4   Data           4  bsp_ele_track.o(.data)
    Sensor_Middle                            0x200000f8   Data           4  bsp_ele_track.o(.data)
    ele_seat                                 0x200000fc   Data           4  bsp_ele_track.o(.data)
    CCD_Zhongzhi                             0x20000100   Data           1  bsp_ccd.o(.data)
    CCD_Yuzhi                                0x20000101   Data           1  bsp_ccd.o(.data)
    Handkey                                  0x2000010e   Data           2  bsp_ps2.o(.data)
    Comd                                     0x20000110   Data           2  bsp_ps2.o(.data)
    MASK                                     0x20000112   Data          32  bsp_ps2.o(.data)
    battery                                  0x20000138   Data           4  app_control.o(.data)
    ccd_conut                                0x2000013c   Data           1  app_control.o(.data)
    ps2_conut                                0x2000013d   Data           1  app_control.o(.data)
    Velocity_Left                            0x20000148   Data           4  app_motor.o(.data)
    Velocity_Right                           0x2000014c   Data           4  app_motor.o(.data)
    Balance_K                                0x20000150   Data           4  pid_control.o(.data)
    Velocity_K                               0x20000154   Data           4  pid_control.o(.data)
    Turn_K                                   0x20000158   Data           4  pid_control.o(.data)
    Balance_Kp                               0x2000015c   Data           4  pid_control.o(.data)
    Balance_Kd                               0x20000160   Data           4  pid_control.o(.data)
    Velocity_Kp                              0x20000164   Data           4  pid_control.o(.data)
    Velocity_Ki                              0x20000168   Data           4  pid_control.o(.data)
    Turn_Kp                                  0x2000016c   Data           4  pid_control.o(.data)
    Turn_Kd                                  0x20000170   Data           4  pid_control.o(.data)
    Car_Target_Velocity                      0x20000174   Data           4  pid_control.o(.data)
    Car_Turn_Amplitude_speed                 0x20000178   Data           4  pid_control.o(.data)
    myTurn_Kd                                0x2000017c   Data           4  pid_control.o(.data)
    g_autoup                                 0x2000019c   Data           4  app_bluetooth.o(.data)
    newLineReceived                          0x200001a0   Data           1  app_bluetooth.o(.data)
    num                                      0x200001a4   Data           4  app_bluetooth.o(.data)
    startBit                                 0x200001a8   Data           1  app_bluetooth.o(.data)
    int9num                                  0x200001ac   Data           4  app_bluetooth.o(.data)
    g_newcarstate                            0x200001b0   Data           1  app_bluetooth.o(.data)
    piddisplay                               0x200001b1   Data          50  app_bluetooth.o(.data)
    s_Acc                                    0x200001e4   Data           4  app_bluetooth.o(.data)
    s_Gyro                                   0x200001e8   Data           4  app_bluetooth.o(.data)
    g_uptimes                                0x200001ec   Data           4  app_bluetooth.o(.data)
    g_PS2_LX                                 0x200001f0   Data           4  app_ps2.o(.data)
    g_PS2_LY                                 0x200001f4   Data           4  app_ps2.o(.data)
    g_PS2_RX                                 0x200001f8   Data           4  app_ps2.o(.data)
    g_PS2_RY                                 0x200001fc   Data           4  app_ps2.o(.data)
    g_PS2_KEY                                0x20000200   Data           4  app_ps2.o(.data)
    g_flag                                   0x20000204   Data           4  app_ps2.o(.data)
    speed_flag                               0x20000208   Data           1  app_ps2.o(.data)
    angle_max                                0x2000020a   Data           1  app_mode.o(.data)
    mode                                     0x2000020b   Data           1  app_mode.o(.data)
    error                                    0x20000210   Data           1  app_tracking.o(.data)
    dt                                       0x20000244   Data           4  filter.o(.data)
    g_new_flag                               0x20000318   Data           1  app_k210.o(.data)
    g_index                                  0x20000319   Data           1  app_k210.o(.data)
    g_new_data                               0x2000031a   Data           1  app_k210.o(.data)
    g_new_flag_AI                            0x2000031c   Data           1  app_k210_ai.o(.data)
    g_index_AI                               0x2000031d   Data           1  app_k210_ai.o(.data)
    K210_data                                0x2000031e   Data          10  app_k210_ai.o(.data)
    g_error_x                                0x20000328   Data           2  app_follow.o(.data)
    g_error_y                                0x2000032a   Data           2  app_follow.o(.data)
    g_error_area                             0x2000032c   Data           2  app_follow.o(.data)
    lidar_new_pack                           0x20000344   Data           1  app_lidar.o(.data)
    lidar_new_deal                           0x20000345   Data           1  app_lidar.o(.data)
    data_min                                 0x20000350   Data           4  app_lidar_car.o(.data)
    data_min_index                           0x20000354   Data           4  app_lidar_car.o(.data)
    Move_X_old                               0x20000358   Data           4  app_lidar_car.o(.data)
    Move_Z_old                               0x2000035c   Data           4  app_lidar_car.o(.data)
    start_patrol                             0x20000360   Data           1  app_lidar_car.o(.data)
    lasttime                                 0x20000362   Data           2  app_lidar_car.o(.data)
    g_lidar_go_flag                          0x20000364   Data           1  app_lidar_car.o(.data)
    g_lidar_go_flag_wall                     0x20000365   Data           1  app_lidar_car.o(.data)
    lidar_wall_flag                          0x20000374   Data           1  app_lidar_car.o(.data)
    showbuf                                  0x20000398   Data          20  main.o(.bss)
    buf_CCD                                  0x200005ac   Data          20  bsp_ccd.o(.bss)
    ADV                                      0x200005c0   Data         256  bsp_ccd.o(.bss)
    ADC_128X32                               0x200006c0   Data         128  bsp_ccd.o(.bss)
    Data                                     0x20000740   Data           9  bsp_ps2.o(.bss)
    manydisplay                              0x2000074c   Data          80  app_bluetooth.o(.bss)
    updata                                   0x2000079c   Data          80  app_bluetooth.o(.bss)
    lspeed                                   0x200007ec   Data          10  app_bluetooth.o(.bss)
    rspeed                                   0x200007f6   Data          10  app_bluetooth.o(.bss)
    daccel                                   0x20000800   Data          10  app_bluetooth.o(.bss)
    dgyro                                    0x2000080a   Data          10  app_bluetooth.o(.bss)
    csb                                      0x20000814   Data          10  app_bluetooth.o(.bss)
    vi                                       0x2000081e   Data          10  app_bluetooth.o(.bss)
    inputString                              0x20000828   Data          80  app_bluetooth.o(.bss)
    ProtocolString                           0x20000878   Data          80  app_bluetooth.o(.bss)
    charkp                                   0x200008c8   Data          10  app_bluetooth.o(.bss)
    charkd                                   0x200008d2   Data          10  app_bluetooth.o(.bss)
    charksp                                  0x200008dc   Data          10  app_bluetooth.o(.bss)
    charksi                                  0x200008e6   Data          10  app_bluetooth.o(.bss)
    charktp                                  0x200008f0   Data          10  app_bluetooth.o(.bss)
    charktd                                  0x200008fa   Data          10  app_bluetooth.o(.bss)
    PID_Original                             0x20000904   Data          24  app_bluetooth.o(.bss)
    buf_msg                                  0x2000094c   Data          20  app_k210.o(.bss)
    buf_msg_AI                               0x20000960   Data          20  app_k210_ai.o(.bss)
    g_recvbuf                                0x20000978   Data         256  app_lidar.o(.bss)
    g_recvbuf_backup                         0x20000a78   Data         256  app_lidar.o(.bss)
    Tminidis                                 0x20000b78   Data        1440  app_lidar.o(.bss)
    lidar_data                               0x20001118   Data        5760  app_lidar.o(.bss)
    timiplus_msg                             0x20002798   Data        1450  app_lidar.o(.bss)
    get_data                                 0x20002d44   Data          28  app_lidar_car.o(.bss)
    __initial_sp                             0x20003160   Data           0  startup_stm32f10x_hd.o(STACK)



==============================================================================

Memory Map of the image

  Image Entry point : 0x08000131

  Load Region LR_IROM1 (Base: 0x08000000, Size: 0x00010368, Max: 0x00080000, ABSOLUTE, COMPRESSED[0x00010090])

    Execution Region ER_IROM1 (Exec base: 0x08000000, Load base: 0x08000000, Size: 0x0000ffd0, Max: 0x00080000, ABSOLUTE)

    Exec Addr    Load Addr    Size         Type   Attr      Idx    E Section Name        Object

    0x08000000   0x08000000   0x00000130   Data   RO          386    RESET               startup_stm32f10x_hd.o
    0x08000130   0x08000130   0x00000000   Code   RO         5139  * .ARM.Collect$$$$00000000  mc_w.l(entry.o)
    0x08000130   0x08000130   0x00000004   Code   RO         5496    .ARM.Collect$$$$00000001  mc_w.l(entry2.o)
    0x08000134   0x08000134   0x00000004   Code   RO         5499    .ARM.Collect$$$$00000004  mc_w.l(entry5.o)
    0x08000138   0x08000138   0x00000000   Code   RO         5501    .ARM.Collect$$$$00000008  mc_w.l(entry7b.o)
    0x08000138   0x08000138   0x00000000   Code   RO         5503    .ARM.Collect$$$$0000000A  mc_w.l(entry8b.o)
    0x08000138   0x08000138   0x00000008   Code   RO         5504    .ARM.Collect$$$$0000000B  mc_w.l(entry9a.o)
    0x08000140   0x08000140   0x00000004   Code   RO         5511    .ARM.Collect$$$$0000000E  mc_w.l(entry12b.o)
    0x08000144   0x08000144   0x00000000   Code   RO         5506    .ARM.Collect$$$$0000000F  mc_w.l(entry10a.o)
    0x08000144   0x08000144   0x00000000   Code   RO         5508    .ARM.Collect$$$$00000011  mc_w.l(entry11a.o)
    0x08000144   0x08000144   0x00000004   Code   RO         5497    .ARM.Collect$$$$00002712  mc_w.l(entry2.o)
    0x08000148   0x08000148   0x00000024   Code   RO          387    .text               startup_stm32f10x_hd.o
    0x0800016c   0x0800016c   0x00000062   Code   RO         5142    .text               mc_w.l(ldiv.o)
    0x080001ce   0x080001ce   0x00000024   Code   RO         5144    .text               mc_w.l(memcpya.o)
    0x080001f2   0x080001f2   0x00000024   Code   RO         5146    .text               mc_w.l(memseta.o)
    0x08000216   0x08000216   0x00000018   Code   RO         5148    .text               mc_w.l(strcat.o)
    0x0800022e   0x0800022e   0x0000000e   Code   RO         5150    .text               mc_w.l(strlen.o)
    0x0800023c   0x0800023c   0x0000001c   Code   RO         5152    .text               mc_w.l(strcmp.o)
    0x08000258   0x08000258   0x0000001a   Code   RO         5154    .text               mc_w.l(memcmp.o)
    0x08000272   0x08000272   0x000000b0   Code   RO         5419    .text               mf_w.l(fadd.o)
    0x08000322   0x08000322   0x00000064   Code   RO         5421    .text               mf_w.l(fmul.o)
    0x08000386   0x08000386   0x0000007c   Code   RO         5423    .text               mf_w.l(fdiv.o)
    0x08000402   0x08000402   0x0000014e   Code   RO         5425    .text               mf_w.l(dadd.o)
    0x08000550   0x08000550   0x000000e4   Code   RO         5427    .text               mf_w.l(dmul.o)
    0x08000634   0x08000634   0x000000de   Code   RO         5429    .text               mf_w.l(ddiv.o)
    0x08000712   0x08000712   0x00000012   Code   RO         5431    .text               mf_w.l(fflti.o)
    0x08000724   0x08000724   0x0000000a   Code   RO         5433    .text               mf_w.l(ffltui.o)
    0x0800072e   0x0800072e   0x00000022   Code   RO         5435    .text               mf_w.l(dflti.o)
    0x08000750   0x08000750   0x0000001a   Code   RO         5437    .text               mf_w.l(dfltui.o)
    0x0800076a   0x0800076a   0x00000032   Code   RO         5439    .text               mf_w.l(ffixi.o)
    0x0800079c   0x0800079c   0x00000028   Code   RO         5441    .text               mf_w.l(ffixui.o)
    0x080007c4   0x080007c4   0x0000003e   Code   RO         5443    .text               mf_w.l(dfixi.o)
    0x08000802   0x08000802   0x00000032   Code   RO         5445    .text               mf_w.l(dfixui.o)
    0x08000834   0x08000834   0x00000026   Code   RO         5447    .text               mf_w.l(f2d.o)
    0x0800085a   0x0800085a   0x00000002   PAD
    0x0800085c   0x0800085c   0x00000030   Code   RO         5449    .text               mf_w.l(cdcmple.o)
    0x0800088c   0x0800088c   0x00000030   Code   RO         5451    .text               mf_w.l(cdrcmple.o)
    0x080008bc   0x080008bc   0x00000038   Code   RO         5453    .text               mf_w.l(d2f.o)
    0x080008f4   0x080008f4   0x00000014   Code   RO         5455    .text               mf_w.l(cfcmple.o)
    0x08000908   0x08000908   0x00000014   Code   RO         5457    .text               mf_w.l(cfrcmple.o)
    0x0800091c   0x0800091c   0x0000002c   Code   RO         5512    .text               mc_w.l(uidiv.o)
    0x08000948   0x08000948   0x00000062   Code   RO         5514    .text               mc_w.l(uldiv.o)
    0x080009aa   0x080009aa   0x0000001e   Code   RO         5516    .text               mc_w.l(llshl.o)
    0x080009c8   0x080009c8   0x00000020   Code   RO         5518    .text               mc_w.l(llushr.o)
    0x080009e8   0x080009e8   0x00000024   Code   RO         5520    .text               mc_w.l(llsshr.o)
    0x08000a0c   0x08000a0c   0x0000009c   Code   RO         5529    .text               mc_w.l(strtod.o)
    0x08000aa8   0x08000aa8   0x00000000   Code   RO         5531    .text               mc_w.l(iusefp.o)
    0x08000aa8   0x08000aa8   0x0000006e   Code   RO         5532    .text               mf_w.l(fepilogue.o)
    0x08000b16   0x08000b16   0x000000ba   Code   RO         5534    .text               mf_w.l(depilogue.o)
    0x08000bd0   0x08000bd0   0x0000002e   Code   RO         5536    .text               mf_w.l(dscalb.o)
    0x08000bfe   0x08000bfe   0x00000030   Code   RO         5538    .text               mf_w.l(dfixul.o)
    0x08000c2e   0x08000c2e   0x00000002   PAD
    0x08000c30   0x08000c30   0x00000024   Code   RO         5540    .text               mc_w.l(init.o)
    0x08000c54   0x08000c54   0x0000000a   Code   RO         5542    .text               mc_w.l(isspace_c.o)
    0x08000c5e   0x08000c5e   0x00000002   PAD
    0x08000c60   0x08000c60   0x00000360   Code   RO         5544    .text               mc_w.l(scanf_fp.o)
    0x08000fc0   0x08000fc0   0x00000040   Code   RO         5548    .text               mc_w.l(_sgetc.o)
    0x08001000   0x08001000   0x000000a2   Code   RO         5550    .text               mf_w.l(dsqrt.o)
    0x080010a2   0x080010a2   0x00000002   PAD
    0x080010a4   0x080010a4   0x00000028   Code   RO         5552    .text               mc_w.l(ctype_c.o)
    0x080010cc   0x080010cc   0x00000018   Code   RO         5555    .text               mf_w.l(dfltul.o)
    0x080010e4   0x080010e4   0x00000056   Code   RO         5565    .text               mc_w.l(__dczerorl2.o)
    0x0800113a   0x0800113a   0x00000016   Code   RO          433    i.ADC_Cmd           stm32f10x_adc.o
    0x08001150   0x08001150   0x0000005c   Code   RO          435    i.ADC_DeInit        stm32f10x_adc.o
    0x080011ac   0x080011ac   0x00000014   Code   RO          441    i.ADC_GetCalibrationStatus  stm32f10x_adc.o
    0x080011c0   0x080011c0   0x00000008   Code   RO          442    i.ADC_GetConversionValue  stm32f10x_adc.o
    0x080011c8   0x080011c8   0x00000012   Code   RO          444    i.ADC_GetFlagStatus  stm32f10x_adc.o
    0x080011da   0x080011da   0x00000014   Code   RO          447    i.ADC_GetResetCalibrationStatus  stm32f10x_adc.o
    0x080011ee   0x080011ee   0x00000002   PAD
    0x080011f0   0x080011f0   0x00000050   Code   RO          451    i.ADC_Init          stm32f10x_adc.o
    0x08001240   0x08001240   0x000000b8   Code   RO          455    i.ADC_RegularChannelConfig  stm32f10x_adc.o
    0x080012f8   0x080012f8   0x0000000a   Code   RO          456    i.ADC_ResetCalibration  stm32f10x_adc.o
    0x08001302   0x08001302   0x00000016   Code   RO          458    i.ADC_SoftwareStartConvCmd  stm32f10x_adc.o
    0x08001318   0x08001318   0x0000000a   Code   RO          460    i.ADC_StartCalibration  stm32f10x_adc.o
    0x08001322   0x08001322   0x00000002   PAD
    0x08001324   0x08001324   0x000000bc   Code   RO         4906    i.APP_K210X_Y_Follow_PID  app_follow.o
    0x080013e0   0x080013e0   0x00000058   Code   RO         3535    i.APP_avoid         bsp_ultrasonic.o
    0x08001438   0x08001438   0x00000064   Code   RO         3536    i.App_Change_Car    bsp_ultrasonic.o
    0x0800149c   0x0800149c   0x0000002c   Code   RO         2919    i.BalanceCar_Motor_Init  motor.o
    0x080014c8   0x080014c8   0x000000ac   Code   RO         2920    i.BalanceCar_PWM_Init  motor.o
    0x08001574   0x08001574   0x000000a0   Code   RO         4020    i.Balance_PD        pid_control.o
    0x08001614   0x08001614   0x00000040   Code   RO         3112    i.Battery_Get       bsp_battery.o
    0x08001654   0x08001654   0x0000008c   Code   RO         3114    i.Battery_init      bsp_battery.o
    0x080016e0   0x080016e0   0x00000004   Code   RO          276    i.BusFault_Handler  stm32f10x_it.o
    0x080016e4   0x080016e4   0x0000002c   Code   RO         3643    i.CCD_Get_ADC_128X32  bsp_ccd.o
    0x08001710   0x08001710   0x0000014c   Code   RO         4057    i.CalcUpData        app_bluetooth.o
    0x0800185c   0x0800185c   0x000000ac   Code   RO         5025    i.Car_Alarm         app_lidar_car.o
    0x08001908   0x08001908   0x0000011c   Code   RO         5026    i.Car_Avoid         app_lidar_car.o
    0x08001a24   0x08001a24   0x000000e4   Code   RO         5027    i.Car_Follow        app_lidar_car.o
    0x08001b08   0x08001b08   0x000001ec   Code   RO         5028    i.Car_Patrol        app_lidar_car.o
    0x08001cf4   0x08001cf4   0x00000164   Code   RO         4817    i.Change_state_QR   app_k210.o
    0x08001e58   0x08001e58   0x000000e8   Code   RO         4818    i.Change_state_minst  app_k210.o
    0x08001f40   0x08001f40   0x000000b8   Code   RO         4819    i.Change_state_self  app_k210.o
    0x08001ff8   0x08001ff8   0x00000060   Code   RO         4756    i.Complementary_Filter_x  filter.o
    0x08002058   0x08002058   0x00000060   Code   RO         4757    i.Complementary_Filter_y  filter.o
    0x080020b8   0x080020b8   0x00000028   Code   RO         2705    i.DIY_NVIC_PriorityGroupConfig  bsp.o
    0x080020e0   0x080020e0   0x00000210   Code   RO         2937    i.DMP_Init          mpu6050.o
    0x080022f0   0x080022f0   0x00000088   Code   RO         4863    i.Deal_K210_AI      app_k210_ai.o
    0x08002378   0x08002378   0x00000088   Code   RO         4820    i.Deal_K210_QR      app_k210.o
    0x08002400   0x08002400   0x00000088   Code   RO         4821    i.Deal_K210_minst   app_k210.o
    0x08002488   0x08002488   0x00000088   Code   RO         4822    i.Deal_K210_self    app_k210.o
    0x08002510   0x08002510   0x000000c4   Code   RO         4937    i.Deal_Radar        app_lidar.o
    0x080025d4   0x080025d4   0x00000044   Code   RO         4938    i.Deal_lidardata    app_lidar.o
    0x08002618   0x08002618   0x00000002   Code   RO          277    i.DebugMon_Handler  stm32f10x_it.o
    0x0800261a   0x0800261a   0x00000026   Code   RO         3147    i.Delay_For_Pin     bsp_oled_i2c.o
    0x08002640   0x08002640   0x00000064   Code   RO         5029    i.Distance_Adjust_PID  app_lidar_car.o
    0x080026a4   0x080026a4   0x00000064   Code   RO         5030    i.Distance_Adjust_PID_wall  app_lidar_car.o
    0x08002708   0x08002708   0x0000000c   Code   RO         3644    i.Dly_us            bsp_ccd.o
    0x08002714   0x08002714   0x00000268   Code   RO         3914    i.EXTI15_10_IRQHandler  app_control.o
    0x0800297c   0x0800297c   0x00000094   Code   RO          847    i.EXTI_Init         stm32f10x_exti.o
    0x08002a10   0x08002a10   0x000000b8   Code   RO         3595    i.EleDataDeal       bsp_ele_track.o
    0x08002ac8   0x08002ac8   0x0000009c   Code   RO         2768    i.Encoder_Init_TIM3  encoder.o
    0x08002b64   0x08002b64   0x0000009c   Code   RO         2769    i.Encoder_Init_TIM4  encoder.o
    0x08002c00   0x08002c00   0x00000210   Code   RO         3645    i.Find_CCD_Zhongzhi  bsp_ccd.o
    0x08002e10   0x08002e10   0x00000084   Code   RO         4907    i.GO_PID            app_follow.o
    0x08002e94   0x08002e94   0x00000040   Code   RO         1072    i.GPIO_EXTILineConfig  stm32f10x_gpio.o
    0x08002ed4   0x08002ed4   0x00000116   Code   RO         1075    i.GPIO_Init         stm32f10x_gpio.o
    0x08002fea   0x08002fea   0x00000002   PAD
    0x08002fec   0x08002fec   0x00000090   Code   RO         1077    i.GPIO_PinRemapConfig  stm32f10x_gpio.o
    0x0800307c   0x0800307c   0x00000012   Code   RO         1079    i.GPIO_ReadInputDataBit  stm32f10x_gpio.o
    0x0800308e   0x0800308e   0x00000004   Code   RO         1082    i.GPIO_ResetBits    stm32f10x_gpio.o
    0x08003092   0x08003092   0x00000004   Code   RO         1083    i.GPIO_SetBits      stm32f10x_gpio.o
    0x08003096   0x08003096   0x00000002   PAD
    0x08003098   0x08003098   0x00000034   Code   RO         3646    i.Get_Adc_CCD       bsp_ccd.o
    0x080030cc   0x080030cc   0x00000034   Code   RO         3596    i.Get_Adc_ele       bsp_ele_track.o
    0x08003100   0x08003100   0x000003dc   Code   RO         3915    i.Get_Angle         app_control.o
    0x080034dc   0x080034dc   0x0000001c   Code   RO         3115    i.Get_Battery_Volotage  bsp_battery.o
    0x080034f8   0x080034f8   0x000000a4   Code   RO         5031    i.Get_DIS_Group     app_lidar_car.o
    0x0800359c   0x0800359c   0x00000074   Code   RO         3537    i.Get_Distane       bsp_ultrasonic.o
    0x08003610   0x08003610   0x000000b4   Code   RO         4864    i.Get_K210_Data     app_k210_ai.o
    0x080036c4   0x080036c4   0x00000024   Code   RO         3116    i.Get_Measure_Volotage  bsp_battery.o
    0x080036e8   0x080036e8   0x0000005a   Code   RO         4939    i.Get_Mid_Tminiangle  app_lidar.o
    0x08003742   0x08003742   0x00000002   PAD
    0x08003744   0x08003744   0x00000028   Code   RO         4940    i.Get_Start_Stop_Tminiangle  app_lidar.o
    0x0800376c   0x0800376c   0x000000f0   Code   RO         4941    i.Get_Tmini_Data    app_lidar.o
    0x0800385c   0x0800385c   0x0000000e   Code   RO         4942    i.Get_Tminidis      app_lidar.o
    0x0800386a   0x0800386a   0x00000002   PAD
    0x0800386c   0x0800386c   0x0000010c   Code   RO         3977    i.Get_Velocity_Form_Encoder  app_motor.o
    0x08003978   0x08003978   0x00000004   Code   RO          278    i.HardFault_Handler  stm32f10x_it.o
    0x0800397c   0x0800397c   0x00000046   Code   RO         2808    i.I2C_ReadOneByte   ioi2c.o
    0x080039c2   0x080039c2   0x00000002   PAD
    0x080039c4   0x080039c4   0x0000004c   Code   RO         2809    i.IIC_Ack           ioi2c.o
    0x08003a10   0x08003a10   0x0000002c   Code   RO         2810    i.IIC_MPU6050_Init  ioi2c.o
    0x08003a3c   0x08003a3c   0x0000004c   Code   RO         2811    i.IIC_NAck          ioi2c.o
    0x08003a88   0x08003a88   0x00000070   Code   RO         2812    i.IIC_Read_Byte     ioi2c.o
    0x08003af8   0x08003af8   0x00000064   Code   RO         2813    i.IIC_Send_Byte     ioi2c.o
    0x08003b5c   0x08003b5c   0x00000068   Code   RO         2814    i.IIC_Start         ioi2c.o
    0x08003bc4   0x08003bc4   0x00000048   Code   RO         2815    i.IIC_Stop          ioi2c.o
    0x08003c0c   0x08003c0c   0x00000068   Code   RO         2816    i.IIC_Wait_Ack      ioi2c.o
    0x08003c74   0x08003c74   0x00000016   Code   RO         2817    i.IICreadByte       ioi2c.o
    0x08003c8a   0x08003c8a   0x00000040   Code   RO         2819    i.IICwriteBit       ioi2c.o
    0x08003cca   0x08003cca   0x0000006a   Code   RO         2820    i.IICwriteBits      ioi2c.o
    0x08003d34   0x08003d34   0x00000014   Code   RO         2821    i.IICwriteByte      ioi2c.o
    0x08003d48   0x08003d48   0x00000046   Code   RO         2822    i.IICwriteBytes     ioi2c.o
    0x08003d8e   0x08003d8e   0x00000002   PAD
    0x08003d90   0x08003d90   0x00000044   Code   RO         4058    i.Init_PID          app_bluetooth.o
    0x08003dd4   0x08003dd4   0x00000030   Code   RO         2706    i.JTAG_Set          bsp.o
    0x08003e04   0x08003e04   0x000002b8   Code   RO         4790    i.KF_X              kf.o
    0x080040bc   0x080040bc   0x000002b8   Code   RO         4791    i.KF_Y              kf.o
    0x08004374   0x08004374   0x00000028   Code   RO         3498    i.Key1_GPIO_Init    bsp_key.o
    0x0800439c   0x0800439c   0x0000004c   Code   RO         3500    i.Key1_State        bsp_key.o
    0x080043e8   0x080043e8   0x0000001c   Code   RO         3501    i.Key1_is_Press     bsp_key.o
    0x08004404   0x08004404   0x000000e0   Code   RO         5032    i.LiDar_Straight    app_lidar_car.o
    0x080044e4   0x080044e4   0x00000138   Code   RO         5033    i.LiDar_Straight_wall  app_lidar_car.o
    0x0800461c   0x0800461c   0x00000070   Code   RO         3100    i.MPU6050_EXTI_Init  intsever.o
    0x0800468c   0x0800468c   0x00000028   Code   RO         2939    i.MPU6050_initialize  mpu6050.o
    0x080046b4   0x080046b4   0x00000014   Code   RO         2941    i.MPU6050_setClockSource  mpu6050.o
    0x080046c8   0x080046c8   0x00000014   Code   RO         2942    i.MPU6050_setFullScaleAccelRange  mpu6050.o
    0x080046dc   0x080046dc   0x00000014   Code   RO         2943    i.MPU6050_setFullScaleGyroRange  mpu6050.o
    0x080046f0   0x080046f0   0x00000012   Code   RO         2944    i.MPU6050_setI2CBypassEnabled  mpu6050.o
    0x08004702   0x08004702   0x00000012   Code   RO         2945    i.MPU6050_setI2CMasterModeEnabled  mpu6050.o
    0x08004714   0x08004714   0x00000012   Code   RO         2946    i.MPU6050_setSleepEnabled  mpu6050.o
    0x08004726   0x08004726   0x00000004   Code   RO          279    i.MemManage_Handler  stm32f10x_it.o
    0x0800472a   0x0800472a   0x00000002   PAD
    0x0800472c   0x0800472c   0x00000060   Code   RO         4157    i.Mode_select       app_mode.o
    0x0800478c   0x0800478c   0x00000002   Code   RO          280    i.NMI_Handler       stm32f10x_it.o
    0x0800478e   0x0800478e   0x00000002   PAD
    0x08004790   0x08004790   0x00000070   Code   RO          391    i.NVIC_Init         misc.o
    0x08004800   0x08004800   0x0000000a   Code   RO         3273    i.OLED_Clear        bsp_oled.o
    0x0800480a   0x0800480a   0x0000002a   Code   RO         3274    i.OLED_Draw_Line    bsp_oled.o
    0x08004834   0x08004834   0x0000003c   Code   RO         3275    i.OLED_Draw_String  bsp_oled.o
    0x08004870   0x08004870   0x0000002c   Code   RO         3148    i.OLED_I2C_Init     bsp_oled_i2c.o
    0x0800489c   0x0800489c   0x0000002c   Code   RO         3151    i.OLED_IIC_Init     bsp_oled_i2c.o
    0x080048c8   0x080048c8   0x00000064   Code   RO         3154    i.OLED_IIC_Send_Byte  bsp_oled_i2c.o
    0x0800492c   0x0800492c   0x00000068   Code   RO         3155    i.OLED_IIC_Start    bsp_oled_i2c.o
    0x08004994   0x08004994   0x00000050   Code   RO         3156    i.OLED_IIC_Stop     bsp_oled_i2c.o
    0x080049e4   0x080049e4   0x00000068   Code   RO         3157    i.OLED_IIC_Wait_Ack  bsp_oled_i2c.o
    0x08004a4c   0x08004a4c   0x00000144   Code   RO         3276    i.OLED_Init         bsp_oled.o
    0x08004b90   0x08004b90   0x00000008   Code   RO         3277    i.OLED_Refresh      bsp_oled.o
    0x08004b98   0x08004b98   0x00000028   Code   RO         3647    i.OLED_Show_CCD_Image  bsp_ccd.o
    0x08004bc0   0x08004bc0   0x00000060   Code   RO         3165    i.OLED_i2cWrite     bsp_oled_i2c.o
    0x08004c20   0x08004c20   0x00000148   Code   RO         4223    i.PID_track_get     app_tracking.o
    0x08004d68   0x08004d68   0x0000000c   Code   RO         3813    i.PS2_AnologData    bsp_ps2.o
    0x08004d74   0x08004d74   0x00000018   Code   RO         3814    i.PS2_ClearData     bsp_ps2.o
    0x08004d8c   0x08004d8c   0x00000090   Code   RO         3815    i.PS2_Cmd           bsp_ps2.o
    0x08004e1c   0x08004e1c   0x00000308   Code   RO         4129    i.PS2_Contorl_Car   app_ps2.o
    0x08005124   0x08005124   0x00000054   Code   RO         3816    i.PS2_DataKey       bsp_ps2.o
    0x08005178   0x08005178   0x0000005c   Code   RO         3817    i.PS2_EnterConfing  bsp_ps2.o
    0x080051d4   0x080051d4   0x0000005c   Code   RO         3818    i.PS2_ExitConfing   bsp_ps2.o
    0x08005230   0x08005230   0x00000094   Code   RO         3819    i.PS2_Init          bsp_ps2.o
    0x080052c4   0x080052c4   0x000000b4   Code   RO         3820    i.PS2_ReadData      bsp_ps2.o
    0x08005378   0x08005378   0x0000001c   Code   RO         3822    i.PS2_SetInit       bsp_ps2.o
    0x08005394   0x08005394   0x00000044   Code   RO         3823    i.PS2_ShortPoll     bsp_ps2.o
    0x080053d8   0x080053d8   0x00000058   Code   RO         3824    i.PS2_TurnOnAnalogMode  bsp_ps2.o
    0x08005430   0x08005430   0x0000001a   Code   RO         3978    i.PWM_Ignore        app_motor.o
    0x0800544a   0x0800544a   0x00000012   Code   RO         3979    i.PWM_Limit         app_motor.o
    0x0800545c   0x0800545c   0x00000002   Code   RO          281    i.PendSV_Handler    stm32f10x_it.o
    0x0800545e   0x0800545e   0x00000002   PAD
    0x08005460   0x08005460   0x000000fc   Code   RO         3916    i.Pick_Up           app_control.o
    0x0800555c   0x0800555c   0x000003b4   Code   RO         4059    i.Protocol          app_bluetooth.o
    0x08005910   0x08005910   0x00000028   Code   RO         4060    i.ProtocolCpyData   app_bluetooth.o
    0x08005938   0x08005938   0x00000204   Code   RO         4061    i.ProtocolGetPID    app_bluetooth.o
    0x08005b3c   0x08005b3c   0x00000084   Code   RO         3917    i.Put_Down          app_control.o
    0x08005bc0   0x08005bc0   0x00000018   Code   RO         1447    i.RCC_ADCCLKConfig  stm32f10x_rcc.o
    0x08005bd8   0x08005bd8   0x00000020   Code   RO         1449    i.RCC_APB1PeriphClockCmd  stm32f10x_rcc.o
    0x08005bf8   0x08005bf8   0x00000020   Code   RO         1450    i.RCC_APB1PeriphResetCmd  stm32f10x_rcc.o
    0x08005c18   0x08005c18   0x00000020   Code   RO         1451    i.RCC_APB2PeriphClockCmd  stm32f10x_rcc.o
    0x08005c38   0x08005c38   0x00000020   Code   RO         1452    i.RCC_APB2PeriphResetCmd  stm32f10x_rcc.o
    0x08005c58   0x08005c58   0x000000d4   Code   RO         1459    i.RCC_GetClocksFreq  stm32f10x_rcc.o
    0x08005d2c   0x08005d2c   0x00000084   Code   RO         3648    i.RD_TSL            bsp_ccd.o
    0x08005db0   0x08005db0   0x0000025c   Code   RO         2948    i.Read_DMP          mpu6050.o
    0x0800600c   0x0800600c   0x00000038   Code   RO         2770    i.Read_Encoder      encoder.o
    0x08006044   0x08006044   0x00000080   Code   RO         2949    i.Read_Temperature  mpu6050.o
    0x080060c4   0x080060c4   0x000000a4   Code   RO         4062    i.ResetPID          app_bluetooth.o
    0x08006168   0x08006168   0x000000a0   Code   RO         3280    i.SSD1306_DrawPixel  bsp_oled.o
    0x08006208   0x08006208   0x00000020   Code   RO         3282    i.SSD1306_Fill      bsp_oled.o
    0x08006228   0x08006228   0x0000000c   Code   RO         3283    i.SSD1306_GotoXY    bsp_oled.o
    0x08006234   0x08006234   0x000000a8   Code   RO         3286    i.SSD1306_Putc      bsp_oled.o
    0x080062dc   0x080062dc   0x0000002a   Code   RO         3287    i.SSD1306_Puts      bsp_oled.o
    0x08006306   0x08006306   0x00000002   PAD
    0x08006308   0x08006308   0x00000048   Code   RO         3289    i.SSD1306_UpdateScreen  bsp_oled.o
    0x08006350   0x08006350   0x00000002   Code   RO          282    i.SVC_Handler       stm32f10x_it.o
    0x08006352   0x08006352   0x00000002   PAD
    0x08006354   0x08006354   0x00000040   Code   RO         4063    i.SendAutoUp        app_bluetooth.o
    0x08006394   0x08006394   0x00000008   Code   RO          339    i.SetSysClock       system_stm32f10x.o
    0x0800639c   0x0800639c   0x000000e0   Code   RO          340    i.SetSysClockTo72   system_stm32f10x.o
    0x0800647c   0x0800647c   0x00000010   Code   RO         4255    i.Set_CCDtrack_speed  app_ccd_tracking.o
    0x0800648c   0x0800648c   0x00000024   Code   RO         4224    i.Set_IRtrack_speed  app_tracking.o
    0x080064b0   0x080064b0   0x00000010   Code   RO         4888    i.Set_K210track_speed  app_line.o
    0x080064c0   0x080064c0   0x00000078   Code   RO         4158    i.Set_Mid_Angle     app_mode.o
    0x08006538   0x08006538   0x0000016c   Code   RO         4159    i.Set_PID           app_mode.o
    0x080066a4   0x080066a4   0x0000007c   Code   RO         3980    i.Set_Pwm           app_motor.o
    0x08006720   0x08006720   0x00000070   Code   RO         4160    i.Set_angle         app_mode.o
    0x08006790   0x08006790   0x0000004c   Code   RO         4161    i.Set_control_speed  app_mode.o
    0x080067dc   0x080067dc   0x00000024   Code   RO         4273    i.Set_eletrack_speed  app_ele_tracking.o
    0x08006800   0x08006800   0x00000010   Code   RO         5034    i.Set_lidartrack_speed  app_lidar_car.o
    0x08006810   0x08006810   0x00000010   Code   RO         4943    i.Start_Lidar       app_lidar.o
    0x08006820   0x08006820   0x00000010   Code   RO         4944    i.Stop_Lidar        app_lidar.o
    0x08006830   0x08006830   0x00000090   Code   RO         4945    i.Store_360angle_data  app_lidar.o
    0x080068c0   0x080068c0   0x0000004a   Code   RO         4064    i.StringFind        app_bluetooth.o
    0x0800690a   0x0800690a   0x00000028   Code   RO          395    i.SysTick_CLKSourceConfig  misc.o
    0x08006932   0x08006932   0x00000002   Code   RO          283    i.SysTick_Handler   stm32f10x_it.o
    0x08006934   0x08006934   0x00000060   Code   RO          342    i.SystemInit        system_stm32f10x.o
    0x08006994   0x08006994   0x00000080   Code   RO         1977    i.TI1_Config        stm32f10x_tim.o
    0x08006a14   0x08006a14   0x00000098   Code   RO         1978    i.TI2_Config        stm32f10x_tim.o
    0x08006aac   0x08006aac   0x00000090   Code   RO         1979    i.TI3_Config        stm32f10x_tim.o
    0x08006b3c   0x08006b3c   0x00000098   Code   RO         1980    i.TI4_Config        stm32f10x_tim.o
    0x08006bd4   0x08006bd4   0x00000086   Code   RO         3538    i.TIM2_Cap_Init     bsp_ultrasonic.o
    0x08006c5a   0x08006c5a   0x00000002   PAD
    0x08006c5c   0x08006c5c   0x000000c0   Code   RO         3539    i.TIM2_IRQHandler   bsp_ultrasonic.o
    0x08006d1c   0x08006d1c   0x00000018   Code   RO         2771    i.TIM3_IRQHandler   encoder.o
    0x08006d34   0x08006d34   0x00000018   Code   RO         2772    i.TIM4_IRQHandler   encoder.o
    0x08006d4c   0x08006d4c   0x000000fc   Code   RO         3448    i.TIM6_IRQHandler   bsp_timer.o
    0x08006e48   0x08006e48   0x00000060   Code   RO         3449    i.TIM6_Init         bsp_timer.o
    0x08006ea8   0x08006ea8   0x00000018   Code   RO         1981    i.TIM_ARRPreloadConfig  stm32f10x_tim.o
    0x08006ec0   0x08006ec0   0x00000006   Code   RO         1987    i.TIM_ClearFlag     stm32f10x_tim.o
    0x08006ec6   0x08006ec6   0x00000006   Code   RO         1988    i.TIM_ClearITPendingBit  stm32f10x_tim.o
    0x08006ecc   0x08006ecc   0x00000018   Code   RO         1993    i.TIM_Cmd           stm32f10x_tim.o
    0x08006ee4   0x08006ee4   0x0000001e   Code   RO         1995    i.TIM_CtrlPWMOutputs  stm32f10x_tim.o
    0x08006f02   0x08006f02   0x00000002   PAD
    0x08006f04   0x08006f04   0x000001e8   Code   RO         1998    i.TIM_DeInit        stm32f10x_tim.o
    0x080070ec   0x080070ec   0x00000042   Code   RO         2002    i.TIM_EncoderInterfaceConfig  stm32f10x_tim.o
    0x0800712e   0x0800712e   0x00000022   Code   RO         2014    i.TIM_GetITStatus   stm32f10x_tim.o
    0x08007150   0x08007150   0x000000ac   Code   RO         2016    i.TIM_ICInit        stm32f10x_tim.o
    0x080071fc   0x080071fc   0x00000012   Code   RO         2017    i.TIM_ICStructInit  stm32f10x_tim.o
    0x0800720e   0x0800720e   0x00000012   Code   RO         2018    i.TIM_ITConfig      stm32f10x_tim.o
    0x08007220   0x08007220   0x00000098   Code   RO         2022    i.TIM_OC1Init       stm32f10x_tim.o
    0x080072b8   0x080072b8   0x00000012   Code   RO         2025    i.TIM_OC1PreloadConfig  stm32f10x_tim.o
    0x080072ca   0x080072ca   0x00000002   PAD
    0x080072cc   0x080072cc   0x000000a4   Code   RO         2027    i.TIM_OC2Init       stm32f10x_tim.o
    0x08007370   0x08007370   0x0000001a   Code   RO         2030    i.TIM_OC2PreloadConfig  stm32f10x_tim.o
    0x0800738a   0x0800738a   0x00000002   PAD
    0x0800738c   0x0800738c   0x000000a0   Code   RO         2032    i.TIM_OC3Init       stm32f10x_tim.o
    0x0800742c   0x0800742c   0x00000012   Code   RO         2035    i.TIM_OC3PreloadConfig  stm32f10x_tim.o
    0x0800743e   0x0800743e   0x00000002   PAD
    0x08007440   0x08007440   0x0000007c   Code   RO         2037    i.TIM_OC4Init       stm32f10x_tim.o
    0x080074bc   0x080074bc   0x0000001a   Code   RO         2039    i.TIM_OC4PreloadConfig  stm32f10x_tim.o
    0x080074d6   0x080074d6   0x00000004   Code   RO         2058    i.TIM_SetCounter    stm32f10x_tim.o
    0x080074da   0x080074da   0x00000012   Code   RO         2059    i.TIM_SetIC1Prescaler  stm32f10x_tim.o
    0x080074ec   0x080074ec   0x0000001a   Code   RO         2060    i.TIM_SetIC2Prescaler  stm32f10x_tim.o
    0x08007506   0x08007506   0x00000012   Code   RO         2061    i.TIM_SetIC3Prescaler  stm32f10x_tim.o
    0x08007518   0x08007518   0x0000001a   Code   RO         2062    i.TIM_SetIC4Prescaler  stm32f10x_tim.o
    0x08007532   0x08007532   0x00000002   PAD
    0x08007534   0x08007534   0x000000a4   Code   RO         2064    i.TIM_TimeBaseInit  stm32f10x_tim.o
    0x080075d8   0x080075d8   0x00000012   Code   RO         2065    i.TIM_TimeBaseStructInit  stm32f10x_tim.o
    0x080075ea   0x080075ea   0x0000004c   Code   RO         4946    i.Tmini_checkout    app_lidar.o
    0x08007636   0x08007636   0x00000002   PAD
    0x08007638   0x08007638   0x00000064   Code   RO         4256    i.Turn_CCD_PD       app_ccd_tracking.o
    0x0800769c   0x0800769c   0x00000070   Code   RO         4274    i.Turn_ELE_PD       app_ele_tracking.o
    0x0800770c   0x0800770c   0x00000120   Code   RO         4225    i.Turn_IRTrack_PD   app_tracking.o
    0x0800782c   0x0800782c   0x00000064   Code   RO         4889    i.Turn_K210_PD      app_line.o
    0x08007890   0x08007890   0x00000078   Code   RO         3981    i.Turn_Off          app_motor.o
    0x08007908   0x08007908   0x00000128   Code   RO         4021    i.Turn_PD           pid_control.o
    0x08007a30   0x08007a30   0x00000104   Code   RO         4908    i.Turn_PID          app_follow.o
    0x08007b34   0x08007b34   0x00000024   Code   RO         3705    i.UART5_IRQHandler  bsp_bluetooth.o
    0x08007b58   0x08007b58   0x00000018   Code   RO         3707    i.UART5_Send_Char   bsp_bluetooth.o
    0x08007b70   0x08007b70   0x00000024   Code   RO         3048    i.USART1_IRQHandler  usart.o
    0x08007b94   0x08007b94   0x00000020   Code   RO         3050    i.USART1_Send_U8    usart.o
    0x08007bb4   0x08007bb4   0x00000070   Code   RO         3750    i.USART2_IRQHandler  bsp_usart2.o
    0x08007c24   0x08007c24   0x000000a0   Code   RO         3753    i.USART2_init       bsp_usart2.o
    0x08007cc4   0x08007cc4   0x0000002c   Code   RO         3783    i.USART3_IRQHandler  bsp_lidar.o
    0x08007cf0   0x08007cf0   0x00000020   Code   RO         3785    i.USART3_Send_U8    bsp_lidar.o
    0x08007d10   0x08007d10   0x000000c0   Code   RO         3786    i.USART3_init       bsp_lidar.o
    0x08007dd0   0x08007dd0   0x00000020   Code   RO         3709    i.USART5_Send_Byte  bsp_bluetooth.o
    0x08007df0   0x08007df0   0x0000001e   Code   RO         2526    i.USART_ClearITPendingBit  stm32f10x_usart.o
    0x08007e0e   0x08007e0e   0x00000018   Code   RO         2529    i.USART_Cmd         stm32f10x_usart.o
    0x08007e26   0x08007e26   0x0000001a   Code   RO         2532    i.USART_GetFlagStatus  stm32f10x_usart.o
    0x08007e40   0x08007e40   0x00000054   Code   RO         2533    i.USART_GetITStatus  stm32f10x_usart.o
    0x08007e94   0x08007e94   0x0000004a   Code   RO         2535    i.USART_ITConfig    stm32f10x_usart.o
    0x08007ede   0x08007ede   0x00000002   PAD
    0x08007ee0   0x08007ee0   0x000000d8   Code   RO         2536    i.USART_Init        stm32f10x_usart.o
    0x08007fb8   0x08007fb8   0x0000000a   Code   RO         2543    i.USART_ReceiveData  stm32f10x_usart.o
    0x08007fc2   0x08007fc2   0x00000008   Code   RO         2546    i.USART_SendData    stm32f10x_usart.o
    0x08007fca   0x08007fca   0x00000004   Code   RO          284    i.UsageFault_Handler  stm32f10x_it.o
    0x08007fce   0x08007fce   0x00000002   PAD
    0x08007fd0   0x08007fd0   0x000001ec   Code   RO         4022    i.Velocity_PI       pid_control.o
    0x080081bc   0x080081bc   0x00000020   Code   RO         5391    i.__0printf         mc_w.l(printfa.o)
    0x080081dc   0x080081dc   0x00000028   Code   RO         5393    i.__0sprintf        mc_w.l(printfa.o)
    0x08008204   0x08008204   0x00000028   Code   RO         5483    i.__ARM_fpclassify  m_ws.l(fpclassify.o)
    0x0800822c   0x0800822c   0x000000aa   Code   RO         5485    i.__kernel_poly     m_ws.l(poly.o)
    0x080082d6   0x080082d6   0x00000006   Code   RO         5470    i.__mathlib_dbl_infnan  m_ws.l(dunder.o)
    0x080082dc   0x080082dc   0x00000004   Code   RO         5471    i.__mathlib_dbl_infnan2  m_ws.l(dunder.o)
    0x080082e0   0x080082e0   0x0000000c   Code   RO         5472    i.__mathlib_dbl_invalid  m_ws.l(dunder.o)
    0x080082ec   0x080082ec   0x00000010   Code   RO         5475    i.__mathlib_dbl_underflow  m_ws.l(dunder.o)
    0x080082fc   0x080082fc   0x0000000c   Code   RO         5523    i.__read_errno      mc_w.l(errno.o)
    0x08008308   0x08008308   0x0000000e   Code   RO         5559    i.__scatterload_copy  mc_w.l(handlers.o)
    0x08008316   0x08008316   0x00000002   Code   RO         5560    i.__scatterload_null  mc_w.l(handlers.o)
    0x08008318   0x08008318   0x0000000e   Code   RO         5561    i.__scatterload_zeroinit  mc_w.l(handlers.o)
    0x08008326   0x08008326   0x00000002   PAD
    0x08008328   0x08008328   0x0000000c   Code   RO         5524    i.__set_errno       mc_w.l(errno.o)
    0x08008334   0x08008334   0x00000184   Code   RO         5398    i._fp_digits        mc_w.l(printfa.o)
    0x080084b8   0x080084b8   0x0000000e   Code   RO         5546    i._is_digit         mc_w.l(scanf_fp.o)
    0x080084c6   0x080084c6   0x00000002   PAD
    0x080084c8   0x080084c8   0x000006b4   Code   RO         5399    i._printf_core      mc_w.l(printfa.o)
    0x08008b7c   0x08008b7c   0x00000024   Code   RO         5400    i._printf_post_padding  mc_w.l(printfa.o)
    0x08008ba0   0x08008ba0   0x0000002e   Code   RO         5401    i._printf_pre_padding  mc_w.l(printfa.o)
    0x08008bce   0x08008bce   0x0000000a   Code   RO         5403    i._sputc            mc_w.l(printfa.o)
    0x08008bd8   0x08008bd8   0x000000a8   Code   RO         4291    i.accel_self_test   inv_mpu.o
    0x08008c80   0x08008c80   0x00000270   Code   RO         5118    i.asin              m_ws.l(asin.o)
    0x08008ef0   0x08008ef0   0x00000220   Code   RO         5460    i.atan              m_ws.l(atan.o)
    0x08009110   0x08009110   0x0000019c   Code   RO         5128    i.atan2             m_ws.l(atan2.o)
    0x080092ac   0x080092ac   0x0000002a   Code   RO         5136    i.atof              m_ws.l(atof.o)
    0x080092d6   0x080092d6   0x00000002   PAD
    0x080092d8   0x080092d8   0x000000ac   Code   RO         3710    i.bluetooth_init    bsp_bluetooth.o
    0x08009384   0x08009384   0x00000060   Code   RO         2707    i.bsp_init          bsp.o
    0x080093e4   0x080093e4   0x00000120   Code   RO         2708    i.bsp_mode_init     bsp.o
    0x08009504   0x08009504   0x00000070   Code   RO         4162    i.car_mode          app_mode.o
    0x08009574   0x08009574   0x000000d4   Code   RO         3649    i.ccd_Init          bsp_ccd.o
    0x08009648   0x08009648   0x000000ac   Code   RO         3450    i.cotrol_led        bsp_timer.o
    0x080096f4   0x080096f4   0x00000074   Code   RO         4065    i.deal_bluetooth    app_bluetooth.o
    0x08009768   0x08009768   0x00000008   Code   RO         3650    i.deal_data_ccd     bsp_ccd.o
    0x08009770   0x08009770   0x0000000e   Code   RO         3597    i.deal_getdata      bsp_ele_track.o
    0x0800977e   0x0800977e   0x00000002   PAD
    0x08009780   0x08009780   0x00000064   Code   RO         4580    i.decode_gesture    inv_mpu_dmp_motion_driver.o
    0x080097e4   0x080097e4   0x0000004c   Code   RO         2742    i.delay_init        delay.o
    0x08009830   0x08009830   0x0000003c   Code   RO         2743    i.delay_ms          delay.o
    0x0800986c   0x0800986c   0x00000014   Code   RO         3451    i.delay_time        bsp_timer.o
    0x08009880   0x08009880   0x00000014   Code   RO         3918    i.delay_time_int    app_control.o
    0x08009894   0x08009894   0x0000003c   Code   RO         2744    i.delay_us          delay.o
    0x080098d0   0x080098d0   0x0000003c   Code   RO         4581    i.dmp_enable_6x_lp_quat  inv_mpu_dmp_motion_driver.o
    0x0800990c   0x0800990c   0x0000021c   Code   RO         4582    i.dmp_enable_feature  inv_mpu_dmp_motion_driver.o
    0x08009b28   0x08009b28   0x00000058   Code   RO         4583    i.dmp_enable_gyro_cal  inv_mpu_dmp_motion_driver.o
    0x08009b80   0x08009b80   0x0000003c   Code   RO         4584    i.dmp_enable_lp_quat  inv_mpu_dmp_motion_driver.o
    0x08009bbc   0x08009bbc   0x00000018   Code   RO         4589    i.dmp_load_motion_driver_firmware  inv_mpu_dmp_motion_driver.o
    0x08009bd4   0x08009bd4   0x000001cc   Code   RO         4590    i.dmp_read_fifo     inv_mpu_dmp_motion_driver.o
    0x08009da0   0x08009da0   0x00000130   Code   RO         4593    i.dmp_set_accel_bias  inv_mpu_dmp_motion_driver.o
    0x08009ed0   0x08009ed0   0x00000070   Code   RO         4594    i.dmp_set_fifo_rate  inv_mpu_dmp_motion_driver.o
    0x08009f40   0x08009f40   0x00000130   Code   RO         4595    i.dmp_set_gyro_bias  inv_mpu_dmp_motion_driver.o
    0x0800a070   0x0800a070   0x00000138   Code   RO         4597    i.dmp_set_orientation  inv_mpu_dmp_motion_driver.o
    0x0800a1a8   0x0800a1a8   0x00000038   Code   RO         4600    i.dmp_set_shake_reject_thresh  inv_mpu_dmp_motion_driver.o
    0x0800a1e0   0x0800a1e0   0x00000026   Code   RO         4601    i.dmp_set_shake_reject_time  inv_mpu_dmp_motion_driver.o
    0x0800a206   0x0800a206   0x00000026   Code   RO         4602    i.dmp_set_shake_reject_timeout  inv_mpu_dmp_motion_driver.o
    0x0800a22c   0x0800a22c   0x00000046   Code   RO         4603    i.dmp_set_tap_axes  inv_mpu_dmp_motion_driver.o
    0x0800a272   0x0800a272   0x00000026   Code   RO         4604    i.dmp_set_tap_count  inv_mpu_dmp_motion_driver.o
    0x0800a298   0x0800a298   0x000001a0   Code   RO         4605    i.dmp_set_tap_thresh  inv_mpu_dmp_motion_driver.o
    0x0800a438   0x0800a438   0x00000026   Code   RO         4606    i.dmp_set_tap_time  inv_mpu_dmp_motion_driver.o
    0x0800a45e   0x0800a45e   0x00000026   Code   RO         4607    i.dmp_set_tap_time_multi  inv_mpu_dmp_motion_driver.o
    0x0800a484   0x0800a484   0x000000cc   Code   RO         3598    i.ele_Init          bsp_ele_track.o
    0x0800a550   0x0800a550   0x0000001c   Code   RO         3052    i.fputc             usart.o
    0x0800a56c   0x0800a56c   0x00000084   Code   RO         3599    i.getEleData        bsp_ele_track.o
    0x0800a5f0   0x0800a5f0   0x000000b4   Code   RO         4292    i.get_accel_prod_shift  inv_mpu.o
    0x0800a6a4   0x0800a6a4   0x0000046c   Code   RO         4293    i.get_st_biases     inv_mpu.o
    0x0800ab10   0x0800ab10   0x0000000c   Code   RO         3919    i.get_time_int      app_control.o
    0x0800ab1c   0x0800ab1c   0x00000044   Code   RO         3600    i.guiyi_way         bsp_ele_track.o
    0x0800ab60   0x0800ab60   0x00000110   Code   RO         4294    i.gyro_self_test    inv_mpu.o
    0x0800ac70   0x0800ac70   0x00000076   Code   RO         2823    i.i2cRead           ioi2c.o
    0x0800ace6   0x0800ace6   0x00000060   Code   RO         2824    i.i2cWrite          ioi2c.o
    0x0800ad46   0x0800ad46   0x00000002   PAD
    0x0800ad48   0x0800ad48   0x00000038   Code   RO         3415    i.init_beep         bsp_beep.o
    0x0800ad80   0x0800ad80   0x00000034   Code   RO         3436    i.init_led_gpio     bsp_led.o
    0x0800adb4   0x0800adb4   0x00000028   Code   RO         2950    i.inv_orientation_matrix_to_scalar  mpu6050.o
    0x0800addc   0x0800addc   0x0000004e   Code   RO         2951    i.inv_row_2_scale   mpu6050.o
    0x0800ae2a   0x0800ae2a   0x00000002   PAD
    0x0800ae2c   0x0800ae2c   0x00000064   Code   RO         3583    i.irtracking_init   bsp_irtracking.o
    0x0800ae90   0x0800ae90   0x000002c8   Code   RO            1    i.main              main.o
    0x0800b158   0x0800b158   0x00000048   Code   RO         4947    i.measure_if_360    app_lidar.o
    0x0800b1a0   0x0800b1a0   0x00000070   Code   RO         4295    i.mpu_configure_fifo  inv_mpu.o
    0x0800b210   0x0800b210   0x0000004c   Code   RO         4296    i.mpu_get_accel_fsr  inv_mpu.o
    0x0800b25c   0x0800b25c   0x00000054   Code   RO         4298    i.mpu_get_accel_sens  inv_mpu.o
    0x0800b2b0   0x0800b2b0   0x00000010   Code   RO         4303    i.mpu_get_fifo_config  inv_mpu.o
    0x0800b2c0   0x0800b2c0   0x00000044   Code   RO         4304    i.mpu_get_gyro_fsr  inv_mpu.o
    0x0800b304   0x0800b304   0x00000050   Code   RO         4306    i.mpu_get_gyro_sens  inv_mpu.o
    0x0800b354   0x0800b354   0x00000050   Code   RO         4308    i.mpu_get_lpf       inv_mpu.o
    0x0800b3a4   0x0800b3a4   0x00000020   Code   RO         4310    i.mpu_get_sample_rate  inv_mpu.o
    0x0800b3c4   0x0800b3c4   0x000001f0   Code   RO         4312    i.mpu_init          inv_mpu.o
    0x0800b5b4   0x0800b5b4   0x000000b8   Code   RO         4313    i.mpu_load_firmware  inv_mpu.o
    0x0800b66c   0x0800b66c   0x000000e0   Code   RO         4314    i.mpu_lp_accel_mode  inv_mpu.o
    0x0800b74c   0x0800b74c   0x000000c0   Code   RO         4317    i.mpu_read_fifo_stream  inv_mpu.o
    0x0800b80c   0x0800b80c   0x00000080   Code   RO         4318    i.mpu_read_mem      inv_mpu.o
    0x0800b88c   0x0800b88c   0x000001bc   Code   RO         4321    i.mpu_reset_fifo    inv_mpu.o
    0x0800ba48   0x0800ba48   0x0000011c   Code   RO         4322    i.mpu_run_self_test  inv_mpu.o
    0x0800bb64   0x0800bb64   0x00000084   Code   RO         4324    i.mpu_set_accel_fsr  inv_mpu.o
    0x0800bbe8   0x0800bbe8   0x0000014c   Code   RO         4325    i.mpu_set_bypass    inv_mpu.o
    0x0800bd34   0x0800bd34   0x00000090   Code   RO         4327    i.mpu_set_dmp_state  inv_mpu.o
    0x0800bdc4   0x0800bdc4   0x00000088   Code   RO         4328    i.mpu_set_gyro_fsr  inv_mpu.o
    0x0800be4c   0x0800be4c   0x0000006c   Code   RO         4329    i.mpu_set_int_latched  inv_mpu.o
    0x0800beb8   0x0800beb8   0x00000084   Code   RO         4331    i.mpu_set_lpf       inv_mpu.o
    0x0800bf3c   0x0800bf3c   0x0000009c   Code   RO         4332    i.mpu_set_sample_rate  inv_mpu.o
    0x0800bfd8   0x0800bfd8   0x000000d0   Code   RO         4333    i.mpu_set_sensors   inv_mpu.o
    0x0800c0a8   0x0800c0a8   0x00000080   Code   RO         4334    i.mpu_write_mem     inv_mpu.o
    0x0800c128   0x0800c128   0x000000b4   Code   RO         4792    i.mul               kf.o
    0x0800c1dc   0x0800c1dc   0x00000016   Code   RO         3452    i.my_delay          bsp_timer.o
    0x0800c1f2   0x0800c1f2   0x0000000e   Code   RO         4023    i.myabs             pid_control.o
    0x0800c200   0x0800c200   0x00000002   Code   RO         4335    i.myget_ms          inv_mpu.o
    0x0800c202   0x0800c202   0x00000002   PAD
    0x0800c204   0x0800c204   0x00000054   Code   RO         3453    i.power_decect      bsp_timer.o
    0x0800c258   0x0800c258   0x00000158   Code   RO         4948    i.recv_lidar_data   app_lidar.o
    0x0800c3b0   0x0800c3b0   0x00000090   Code   RO         2952    i.run_self_test     mpu6050.o
    0x0800c440   0x0800c440   0x00000090   Code   RO         4336    i.set_int_enable    inv_mpu.o
    0x0800c4d0   0x0800c4d0   0x0000000c   Code   RO         3920    i.set_time_int      app_control.o
    0x0800c4dc   0x0800c4dc   0x000002a0   Code   RO         4210    i.show_mode_oled    oled_show.o
    0x0800c77c   0x0800c77c   0x0000004c   Code   RO         5489    i.sqrt              m_ws.l(sqrt.o)
    0x0800c7c8   0x0800c7c8   0x00000014   Code   RO         3290    i.ssd1306_I2C_Write  bsp_oled.o
    0x0800c7dc   0x0800c7dc   0x0000001c   Code   RO         3291    i.ssd1306_I2C_WriteMulti  bsp_oled.o
    0x0800c7f8   0x0800c7f8   0x00000040   Code   RO         4226    i.track_deal_four   app_tracking.o
    0x0800c838   0x0800c838   0x000000a0   Code   RO         3053    i.uart_init         usart.o
    0x0800c8d8   0x0800c8d8   0x00000044   Code   RO         3540    i.ultrasonic_init   bsp_ultrasonic.o
    0x0800c91c   0x0800c91c   0x00002814   Data   RO         3399    .constdata          oled_fonts.o
    0x0800f130   0x0800f130   0x00000050   Data   RO         4337    .constdata          inv_mpu.o
    0x0800f180   0x0800f180   0x00000bf6   Data   RO         4609    .constdata          inv_mpu_dmp_motion_driver.o
    0x0800fd76   0x0800fd76   0x00000002   PAD
    0x0800fd78   0x0800fd78   0x000000b8   Data   RO         4794    .constdata          kf.o
    0x0800fe30   0x0800fe30   0x00000050   Data   RO         5119    .constdata          m_ws.l(asin.o)
    0x0800fe80   0x0800fe80   0x00000098   Data   RO         5461    .constdata          m_ws.l(atan.o)
    0x0800ff18   0x0800ff18   0x00000008   Data   RO         5487    .constdata          m_ws.l(qnan.o)
    0x0800ff20   0x0800ff20   0x00000040   Data   RO         5553    .constdata          mc_w.l(ctype_c.o)
    0x0800ff60   0x0800ff60   0x0000004e   Data   RO         4338    .conststring        inv_mpu.o
    0x0800ffae   0x0800ffae   0x00000002   PAD
    0x0800ffb0   0x0800ffb0   0x00000020   Data   RO         5557    Region$$Table       anon$$obj.o


    Execution Region RW_IRAM1 (Exec base: 0x20000000, Load base: 0x0800ffd0, Size: 0x00003160, Max: 0x00020000, ABSOLUTE, COMPRESSED[0x000000c0])

    Exec Addr    Load Addr    Size         Type   Attr      Idx    E Section Name        Object

    0x20000000   COMPRESSED   0x00000034   Data   RW            3    .data               main.o
    0x20000034   COMPRESSED   0x00000014   Data   RW          343    .data               system_stm32f10x.o
    0x20000048   COMPRESSED   0x00000014   Data   RW         1479    .data               stm32f10x_rcc.o
    0x2000005c   COMPRESSED   0x00000004   Data   RW         2745    .data               delay.o
    0x20000060   COMPRESSED   0x0000003c   Data   RW         2954    .data               mpu6050.o
    0x2000009c   COMPRESSED   0x00000004   Data   RW         3054    .data               usart.o
    0x200000a0   COMPRESSED   0x00000006   Data   RW         3293    .data               bsp_oled.o
    0x200000a6   COMPRESSED   0x00000002   PAD
    0x200000a8   COMPRESSED   0x00000018   Data   RW         3400    .data               oled_fonts.o
    0x200000c0   COMPRESSED   0x00000011   Data   RW         3454    .data               bsp_timer.o
    0x200000d1   COMPRESSED   0x00000001   PAD
    0x200000d2   COMPRESSED   0x00000004   Data   RW         3502    .data               bsp_key.o
    0x200000d6   COMPRESSED   0x00000002   PAD
    0x200000d8   COMPRESSED   0x00000008   Data   RW         3541    .data               bsp_ultrasonic.o
    0x200000e0   COMPRESSED   0x00000020   Data   RW         3601    .data               bsp_ele_track.o
    0x20000100   COMPRESSED   0x0000000e   Data   RW         3652    .data               bsp_ccd.o
    0x2000010e   COMPRESSED   0x00000024   Data   RW         3828    .data               bsp_ps2.o
    0x20000132   COMPRESSED   0x00000002   PAD
    0x20000134   COMPRESSED   0x00000014   Data   RW         3921    .data               app_control.o
    0x20000148   COMPRESSED   0x00000008   Data   RW         3982    .data               app_motor.o
    0x20000150   COMPRESSED   0x0000004c   Data   RW         4024    .data               pid_control.o
    0x2000019c   COMPRESSED   0x00000054   Data   RW         4067    .data               app_bluetooth.o
    0x200001f0   COMPRESSED   0x00000019   Data   RW         4131    .data               app_ps2.o
    0x20000209   COMPRESSED   0x00000001   PAD
    0x2000020a   COMPRESSED   0x00000004   Data   RW         4163    .data               app_mode.o
    0x2000020e   COMPRESSED   0x00000001   Data   RW         4211    .data               oled_show.o
    0x2000020f   COMPRESSED   0x00000001   PAD
    0x20000210   COMPRESSED   0x00000008   Data   RW         4227    .data               app_tracking.o
    0x20000218   COMPRESSED   0x0000002c   Data   RW         4339    .data               inv_mpu.o
    0x20000244   COMPRESSED   0x00000084   Data   RW         4761    .data               filter.o
    0x200002c8   COMPRESSED   0x00000050   Data   RW         4795    .data               kf.o
    0x20000318   COMPRESSED   0x00000003   Data   RW         4824    .data               app_k210.o
    0x2000031b   COMPRESSED   0x00000001   PAD
    0x2000031c   COMPRESSED   0x0000000c   Data   RW         4866    .data               app_k210_ai.o
    0x20000328   COMPRESSED   0x0000001c   Data   RW         4910    .data               app_follow.o
    0x20000344   COMPRESSED   0x0000000a   Data   RW         4950    .data               app_lidar.o
    0x2000034e   COMPRESSED   0x00000002   PAD
    0x20000350   COMPRESSED   0x00000042   Data   RW         5037    .data               app_lidar_car.o
    0x20000392   COMPRESSED   0x00000002   PAD
    0x20000394   COMPRESSED   0x00000004   Data   RW         5525    .data               mc_w.l(errno.o)
    0x20000398        -       0x00000014   Zero   RW            2    .bss                main.o
    0x200003ac        -       0x00000200   Zero   RW         3292    .bss                bsp_oled.o
    0x200005ac        -       0x00000194   Zero   RW         3651    .bss                bsp_ccd.o
    0x20000740        -       0x00000009   Zero   RW         3827    .bss                bsp_ps2.o
    0x20000749   COMPRESSED   0x00000003   PAD
    0x2000074c        -       0x000001d0   Zero   RW         4066    .bss                app_bluetooth.o
    0x2000091c        -       0x00000010   Zero   RW         4608    .bss                inv_mpu_dmp_motion_driver.o
    0x2000092c        -       0x00000020   Zero   RW         4793    .bss                kf.o
    0x2000094c        -       0x00000014   Zero   RW         4823    .bss                app_k210.o
    0x20000960        -       0x00000014   Zero   RW         4865    .bss                app_k210_ai.o
    0x20000974   COMPRESSED   0x00000004   PAD
    0x20000978        -       0x000023ca   Zero   RW         4949    .bss                app_lidar.o
    0x20002d42   COMPRESSED   0x00000002   PAD
    0x20002d44        -       0x0000001c   Zero   RW         5036    .bss                app_lidar_car.o
    0x20002d60        -       0x00000400   Zero   RW          384    STACK               startup_stm32f10x_hd.o


==============================================================================

Image component sizes


      Code (inc. data)   RO Data    RW Data    ZI Data      Debug   Object Name

      2322        420          0         84        464       8923   app_bluetooth.o
       116         24          0          0          0       1215   app_ccd_tracking.o
      2032        194          0         20          0       6377   app_control.o
       148         30          0          0          0       1307   app_ele_tracking.o
       580        114          0         28          0       2352   app_follow.o
      1180        258          0          3         20       4945   app_k210.o
       316         26          0         12         20       2583   app_k210_ai.o
      1316        100          0         10       9162      10412   app_lidar.o
      2092        352          0         66         28       9377   app_lidar_car.o
       116         24          0          0          0       1221   app_line.o
       880        194          0          4          0       3964   app_mode.o
       556         68          0          8          0       3821   app_motor.o
       776         68          0         25          0       1568   app_ps2.o
       716         66          0          8          0       3698   app_tracking.o
       472         28          0          0          0       4629   bsp.o
       268         26          0          0          0       2565   bsp_battery.o
        56         10          0          0          0        572   bsp_beep.o
       264         22          0          0          0       2645   bsp_bluetooth.o
      1028         80          0         14        404       6034   bsp_ccd.o
       654        140          0         32          0       4543   bsp_ele_track.o
       100          8          0          0          0        650   bsp_irtracking.o
       144         22          0          4          0       2134   bsp_key.o
        52          8          0          0          0        584   bsp_led.o
       268         20          0          0          0       1995   bsp_lidar.o
       978         38          0          6        512      10426   bsp_oled.o
       610         76          0          0          0       6392   bsp_oled_i2c.o
       960         92          0         36          9       7450   bsp_ps2.o
       646        100          0         17          0       4303   bsp_timer.o
       698         68          0          8          0       4302   bsp_ultrasonic.o
       272         16          0          0          0       1446   bsp_usart2.o
         0          0          0          0          0         32   core_cm3.o
       196         24          0          4          0       2039   delay.o
       416         38          0          0          0       3215   encoder.o
       192         28          0        132          0       3739   filter.o
       112          4          0          0          0        704   intsever.o
      5874        278        158         44          0      29266   inv_mpu.o
      3096        122       3062          0         16      21994   inv_mpu_dmp_motion_driver.o
      1254         92          0          0          0      11887   ioi2c.o
      1572         86        184         80         32       4152   kf.o
       712        194          0         52         20     266730   main.o
       152         12          0          0          0       1718   misc.o
       216         10          0          0          0       1402   motor.o
      1676        396          0         60          0      25167   mpu6050.o
         0          0      10260         24          0       1423   oled_fonts.o
       672        350          0          1          0        769   oled_show.o
       962        170          0         76          0       3868   pid_control.o
        36          8        304          0       1024        872   startup_stm32f10x_hd.o
       486         24          0          0          0       9334   stm32f10x_adc.o
       148          6          0          0          0       1088   stm32f10x_exti.o
       512         10          0          0          0       5536   stm32f10x_gpio.o
        26          0          0          0          0       4442   stm32f10x_it.o
       364         50          0         20          0       6623   stm32f10x_rcc.o
      2424        264          0          0          0      21514   stm32f10x_tim.o
       472          6          0          0          0       7351   stm32f10x_usart.o
       328         28          0         20          0       2581   system_stm32f10x.o
       256         20          0          4          0       4463   usart.o

    ----------------------------------------------------------------------
     42822       4912      14004        916      11720     564342   Object Totals
         0          0         32          0          0          0   (incl. Generated)
        52          0          4         14          9          0   (incl. Padding)

    ----------------------------------------------------------------------

      Code (inc. data)   RO Data    RW Data    ZI Data      Debug   Library Member Name

       624         52         80          0          0        168   asin.o
       544         70        152          0          0        124   atan.o
       412         38          0          0          0        144   atan2.o
        42          0          0          0          0         84   atof.o
        38          6          0          0          0        272   dunder.o
        40          0          0          0          0         68   fpclassify.o
       170          0          0          0          0         96   poly.o
         0          0          8          0          0          0   qnan.o
        76          0          0          0          0         84   sqrt.o
        86          0          0          0          0          0   __dczerorl2.o
        64          0          0          0          0         84   _sgetc.o
        40          6         64          0          0         68   ctype_c.o
         0          0          0          0          0          0   entry.o
         0          0          0          0          0          0   entry10a.o
         0          0          0          0          0          0   entry11a.o
         4          0          0          0          0          0   entry12b.o
         8          4          0          0          0          0   entry2.o
         4          0          0          0          0          0   entry5.o
         0          0          0          0          0          0   entry7b.o
         0          0          0          0          0          0   entry8b.o
         8          4          0          0          0          0   entry9a.o
        24         12          0          4          0        136   errno.o
        30          0          0          0          0          0   handlers.o
        36          8          0          0          0         68   init.o
        10          0          0          0          0         68   isspace_c.o
         0          0          0          0          0          0   iusefp.o
        98          0          0          0          0         84   ldiv.o
        30          0          0          0          0         68   llshl.o
        36          0          0          0          0         68   llsshr.o
        32          0          0          0          0         68   llushr.o
        26          0          0          0          0         80   memcmp.o
        36          0          0          0          0         68   memcpya.o
        36          0          0          0          0        108   memseta.o
      2268         96          0          0          0        616   printfa.o
       878         12          0          0          0        216   scanf_fp.o
        24          0          0          0          0         68   strcat.o
        28          0          0          0          0         76   strcmp.o
        14          0          0          0          0         68   strlen.o
       156         12          0          0          0        120   strtod.o
        44          0          0          0          0         80   uidiv.o
        98          0          0          0          0         92   uldiv.o
        48          0          0          0          0         68   cdcmple.o
        48          0          0          0          0         68   cdrcmple.o
        20          0          0          0          0         68   cfcmple.o
        20          0          0          0          0         68   cfrcmple.o
        56          0          0          0          0         88   d2f.o
       334          0          0          0          0        148   dadd.o
       222          0          0          0          0        100   ddiv.o
       186          0          0          0          0        176   depilogue.o
        62          0          0          0          0         80   dfixi.o
        50          0          0          0          0         76   dfixui.o
        48          0          0          0          0         68   dfixul.o
        34          0          0          0          0         76   dflti.o
        26          0          0          0          0         76   dfltui.o
        24          0          0          0          0         76   dfltul.o
       228          0          0          0          0         96   dmul.o
        46          0          0          0          0         80   dscalb.o
       162          0          0          0          0        100   dsqrt.o
        38          0          0          0          0         68   f2d.o
       176          0          0          0          0        140   fadd.o
       124          0          0          0          0         88   fdiv.o
       110          0          0          0          0        168   fepilogue.o
        50          0          0          0          0         68   ffixi.o
        40          0          0          0          0         68   ffixui.o
        18          0          0          0          0         68   fflti.o
        10          0          0          0          0         68   ffltui.o
       100          0          0          0          0         76   fmul.o

    ----------------------------------------------------------------------
      8358        320        304          4          0       5668   Library Totals
        14          0          0          0          0          0   (incl. Padding)

    ----------------------------------------------------------------------

      Code (inc. data)   RO Data    RW Data    ZI Data      Debug   Library Name

      1946        166        240          0          0       1040   m_ws.l
      4118        154         64          4          0       2304   mc_w.l
      2280          0          0          0          0       2324   mf_w.l

    ----------------------------------------------------------------------
      8358        320        304          4          0       5668   Library Totals

    ----------------------------------------------------------------------

==============================================================================


      Code (inc. data)   RO Data    RW Data    ZI Data      Debug   

     51180       5232      14308        920      11720     550014   Grand Totals
     51180       5232      14308        192      11720     550014   ELF Image Totals (compressed)
     51180       5232      14308        192          0          0   ROM Totals

==============================================================================

    Total RO  Size (Code + RO Data)                65488 (  63.95kB)
    Total RW  Size (RW Data + ZI Data)             12640 (  12.34kB)
    Total ROM Size (Code + RO Data + RW Data)      65680 (  64.14kB)

==============================================================================

